[0.052s] colcon DEBUG Command line arguments: ['/usr/bin/colcon', 'build', '--symlink-install']
[0.052s] colcon DEBUG Parsed command line arguments: Namespace(log_base=None, log_level=None, verb_name='build', build_base='build', install_base='install', merge_install=False, symlink_install=True, test_result_base=None, continue_on_error=False, executor='parallel', parallel_workers=24, event_handlers=None, ignore_user_meta=False, metas=['./colcon.meta'], base_paths=['.'], packages_ignore=None, packages_ignore_regex=None, paths=None, packages_up_to=None, packages_up_to_regex=None, packages_above=None, packages_above_and_dependencies=None, packages_above_depth=None, packages_select_by_dep=None, packages_skip_by_dep=None, packages_skip_up_to=None, packages_select_build_failed=False, packages_skip_build_finished=False, packages_select_test_failures=False, packages_skip_test_passed=False, packages_select=None, packages_skip=None, packages_select_regex=None, packages_skip_regex=None, packages_start=None, packages_end=None, allow_overriding=[], cmake_args=None, cmake_target=None, cmake_target_skip_unavailable=False, cmake_clean_cache=False, cmake_clean_first=False, cmake_force_configure=False, ament_cmake_args=None, catkin_cmake_args=None, catkin_skip_building_tests=False, verb_parser=<colcon_defaults.argument_parser.defaults.DefaultArgumentsDecorator object at 0x7393f1a2d330>, verb_extension=<colcon_core.verb.build.BuildVerb object at 0x7393f1a2ce20>, main=<bound method BuildVerb.main of <colcon_core.verb.build.BuildVerb object at 0x7393f1a2ce20>>)
[0.069s] colcon.colcon_core.package_discovery Level 1 discover_packages(colcon_meta) check parameters
[0.069s] colcon.colcon_core.package_discovery Level 1 discover_packages(recursive) check parameters
[0.069s] colcon.colcon_core.package_discovery Level 1 discover_packages(ignore) check parameters
[0.069s] colcon.colcon_core.package_discovery Level 1 discover_packages(path) check parameters
[0.069s] colcon.colcon_core.package_discovery Level 1 discover_packages(colcon_meta) discover
[0.069s] colcon.colcon_core.package_discovery Level 1 discover_packages(recursive) discover
[0.069s] colcon.colcon_core.package_discovery INFO Crawling recursively for packages in '/home/yusuf/Projects/personal/openvocab-tsdf/ros2_ws'
[0.069s] colcon.colcon_core.package_identification Level 1 _identify(.) by extensions ['ignore', 'ignore_ament_install']
[0.069s] colcon.colcon_core.package_identification Level 1 _identify(.) by extension 'ignore'
[0.069s] colcon.colcon_core.package_identification Level 1 _identify(.) by extension 'ignore_ament_install'
[0.069s] colcon.colcon_core.package_identification Level 1 _identify(.) by extensions ['colcon_pkg']
[0.069s] colcon.colcon_core.package_identification Level 1 _identify(.) by extension 'colcon_pkg'
[0.069s] colcon.colcon_core.package_identification Level 1 _identify(.) by extensions ['colcon_meta']
[0.069s] colcon.colcon_core.package_identification Level 1 _identify(.) by extension 'colcon_meta'
[0.069s] colcon.colcon_core.package_identification Level 1 _identify(.) by extensions ['ros']
[0.069s] colcon.colcon_core.package_identification Level 1 _identify(.) by extension 'ros'
[0.083s] colcon.colcon_core.package_identification Level 1 _identify(.) by extensions ['cmake', 'python']
[0.083s] colcon.colcon_core.package_identification Level 1 _identify(.) by extension 'cmake'
[0.083s] colcon.colcon_core.package_identification Level 1 _identify(.) by extension 'python'
[0.083s] colcon.colcon_core.package_identification Level 1 _identify(.) by extensions ['python_setup_py']
[0.083s] colcon.colcon_core.package_identification Level 1 _identify(.) by extension 'python_setup_py'
[0.083s] colcon.colcon_core.package_identification Level 1 _identify(build) by extensions ['ignore', 'ignore_ament_install']
[0.083s] colcon.colcon_core.package_identification Level 1 _identify(build) by extension 'ignore'
[0.083s] colcon.colcon_core.package_identification Level 1 _identify(build) ignored
[0.083s] colcon.colcon_core.package_identification Level 1 _identify(install) by extensions ['ignore', 'ignore_ament_install']
[0.084s] colcon.colcon_core.package_identification Level 1 _identify(install) by extension 'ignore'
[0.084s] colcon.colcon_core.package_identification Level 1 _identify(install) ignored
[0.084s] colcon.colcon_core.package_identification Level 1 _identify(log) by extensions ['ignore', 'ignore_ament_install']
[0.084s] colcon.colcon_core.package_identification Level 1 _identify(log) by extension 'ignore'
[0.084s] colcon.colcon_core.package_identification Level 1 _identify(log) ignored
[0.084s] colcon.colcon_core.package_identification Level 1 _identify(src) by extensions ['ignore', 'ignore_ament_install']
[0.084s] colcon.colcon_core.package_identification Level 1 _identify(src) by extension 'ignore'
[0.084s] colcon.colcon_core.package_identification Level 1 _identify(src) by extension 'ignore_ament_install'
[0.084s] colcon.colcon_core.package_identification Level 1 _identify(src) by extensions ['colcon_pkg']
[0.084s] colcon.colcon_core.package_identification Level 1 _identify(src) by extension 'colcon_pkg'
[0.084s] colcon.colcon_core.package_identification Level 1 _identify(src) by extensions ['colcon_meta']
[0.084s] colcon.colcon_core.package_identification Level 1 _identify(src) by extension 'colcon_meta'
[0.084s] colcon.colcon_core.package_identification Level 1 _identify(src) by extensions ['ros']
[0.084s] colcon.colcon_core.package_identification Level 1 _identify(src) by extension 'ros'
[0.084s] colcon.colcon_core.package_identification Level 1 _identify(src) by extensions ['cmake', 'python']
[0.084s] colcon.colcon_core.package_identification Level 1 _identify(src) by extension 'cmake'
[0.084s] colcon.colcon_core.package_identification Level 1 _identify(src) by extension 'python'
[0.084s] colcon.colcon_core.package_identification Level 1 _identify(src) by extensions ['python_setup_py']
[0.084s] colcon.colcon_core.package_identification Level 1 _identify(src) by extension 'python_setup_py'
[0.084s] colcon.colcon_core.package_identification Level 1 _identify(src/openvocab_tsdf_msgs) by extensions ['ignore', 'ignore_ament_install']
[0.084s] colcon.colcon_core.package_identification Level 1 _identify(src/openvocab_tsdf_msgs) by extension 'ignore'
[0.084s] colcon.colcon_core.package_identification Level 1 _identify(src/openvocab_tsdf_msgs) by extension 'ignore_ament_install'
[0.084s] colcon.colcon_core.package_identification Level 1 _identify(src/openvocab_tsdf_msgs) by extensions ['colcon_pkg']
[0.084s] colcon.colcon_core.package_identification Level 1 _identify(src/openvocab_tsdf_msgs) by extension 'colcon_pkg'
[0.084s] colcon.colcon_core.package_identification Level 1 _identify(src/openvocab_tsdf_msgs) by extensions ['colcon_meta']
[0.084s] colcon.colcon_core.package_identification Level 1 _identify(src/openvocab_tsdf_msgs) by extension 'colcon_meta'
[0.084s] colcon.colcon_core.package_identification Level 1 _identify(src/openvocab_tsdf_msgs) by extensions ['ros']
[0.084s] colcon.colcon_core.package_identification Level 1 _identify(src/openvocab_tsdf_msgs) by extension 'ros'
[0.085s] colcon.colcon_core.package_identification DEBUG Package 'src/openvocab_tsdf_msgs' with type 'ros.ament_cmake' and name 'openvocab_tsdf_msgs'
[0.085s] colcon.colcon_core.package_identification Level 1 _identify(src/openvocab_tsdf_node) by extensions ['ignore', 'ignore_ament_install']
[0.085s] colcon.colcon_core.package_identification Level 1 _identify(src/openvocab_tsdf_node) by extension 'ignore'
[0.085s] colcon.colcon_core.package_identification Level 1 _identify(src/openvocab_tsdf_node) by extension 'ignore_ament_install'
[0.085s] colcon.colcon_core.package_identification Level 1 _identify(src/openvocab_tsdf_node) by extensions ['colcon_pkg']
[0.085s] colcon.colcon_core.package_identification Level 1 _identify(src/openvocab_tsdf_node) by extension 'colcon_pkg'
[0.085s] colcon.colcon_core.package_identification Level 1 _identify(src/openvocab_tsdf_node) by extensions ['colcon_meta']
[0.085s] colcon.colcon_core.package_identification Level 1 _identify(src/openvocab_tsdf_node) by extension 'colcon_meta'
[0.085s] colcon.colcon_core.package_identification Level 1 _identify(src/openvocab_tsdf_node) by extensions ['ros']
[0.085s] colcon.colcon_core.package_identification Level 1 _identify(src/openvocab_tsdf_node) by extension 'ros'
[0.086s] colcon.colcon_core.package_identification DEBUG Package 'src/openvocab_tsdf_node' with type 'ros.ament_python' and name 'openvocab_tsdf_node'
[0.086s] colcon.colcon_core.package_discovery Level 1 discover_packages(recursive) using defaults
[0.086s] colcon.colcon_core.package_discovery Level 1 discover_packages(ignore) discover
[0.086s] colcon.colcon_core.package_discovery Level 1 discover_packages(ignore) using defaults
[0.086s] colcon.colcon_core.package_discovery Level 1 discover_packages(path) discover
[0.086s] colcon.colcon_core.package_discovery Level 1 discover_packages(path) using defaults
[0.093s] colcon.colcon_core.package_discovery Level 1 discover_packages(prefix_path) check parameters
[0.093s] colcon.colcon_core.package_discovery Level 1 discover_packages(prefix_path) discover
[0.095s] colcon.colcon_installed_package_information.package_discovery DEBUG Found 25 installed packages in /home/yusuf/ros2_ws/install
[0.095s] colcon.colcon_installed_package_information.package_discovery DEBUG Found 426 installed packages in /opt/ros/humble
[0.096s] colcon.colcon_core.package_discovery Level 1 discover_packages(prefix_path) using defaults
[0.122s] colcon.colcon_core.verb Level 5 set package 'openvocab_tsdf_msgs' build argument 'cmake_args' from command line to 'None'
[0.122s] colcon.colcon_core.verb Level 5 set package 'openvocab_tsdf_msgs' build argument 'cmake_target' from command line to 'None'
[0.122s] colcon.colcon_core.verb Level 5 set package 'openvocab_tsdf_msgs' build argument 'cmake_target_skip_unavailable' from command line to 'False'
[0.122s] colcon.colcon_core.verb Level 5 set package 'openvocab_tsdf_msgs' build argument 'cmake_clean_cache' from command line to 'False'
[0.122s] colcon.colcon_core.verb Level 5 set package 'openvocab_tsdf_msgs' build argument 'cmake_clean_first' from command line to 'False'
[0.122s] colcon.colcon_core.verb Level 5 set package 'openvocab_tsdf_msgs' build argument 'cmake_force_configure' from command line to 'False'
[0.122s] colcon.colcon_core.verb Level 5 set package 'openvocab_tsdf_msgs' build argument 'ament_cmake_args' from command line to 'None'
[0.122s] colcon.colcon_core.verb Level 5 set package 'openvocab_tsdf_msgs' build argument 'catkin_cmake_args' from command line to 'None'
[0.122s] colcon.colcon_core.verb Level 5 set package 'openvocab_tsdf_msgs' build argument 'catkin_skip_building_tests' from command line to 'False'
[0.122s] colcon.colcon_core.verb DEBUG Building package 'openvocab_tsdf_msgs' with the following arguments: {'ament_cmake_args': None, 'build_base': '/home/yusuf/Projects/personal/openvocab-tsdf/ros2_ws/build/openvocab_tsdf_msgs', 'catkin_cmake_args': None, 'catkin_skip_building_tests': False, 'cmake_args': None, 'cmake_clean_cache': False, 'cmake_clean_first': False, 'cmake_force_configure': False, 'cmake_target': None, 'cmake_target_skip_unavailable': False, 'install_base': '/home/yusuf/Projects/personal/openvocab-tsdf/ros2_ws/install/openvocab_tsdf_msgs', 'merge_install': False, 'path': '/home/yusuf/Projects/personal/openvocab-tsdf/ros2_ws/src/openvocab_tsdf_msgs', 'symlink_install': True, 'test_result_base': None}
[0.122s] colcon.colcon_core.verb Level 5 set package 'openvocab_tsdf_node' build argument 'cmake_args' from command line to 'None'
[0.122s] colcon.colcon_core.verb Level 5 set package 'openvocab_tsdf_node' build argument 'cmake_target' from command line to 'None'
[0.122s] colcon.colcon_core.verb Level 5 set package 'openvocab_tsdf_node' build argument 'cmake_target_skip_unavailable' from command line to 'False'
[0.122s] colcon.colcon_core.verb Level 5 set package 'openvocab_tsdf_node' build argument 'cmake_clean_cache' from command line to 'False'
[0.122s] colcon.colcon_core.verb Level 5 set package 'openvocab_tsdf_node' build argument 'cmake_clean_first' from command line to 'False'
[0.122s] colcon.colcon_core.verb Level 5 set package 'openvocab_tsdf_node' build argument 'cmake_force_configure' from command line to 'False'
[0.122s] colcon.colcon_core.verb Level 5 set package 'openvocab_tsdf_node' build argument 'ament_cmake_args' from command line to 'None'
[0.122s] colcon.colcon_core.verb Level 5 set package 'openvocab_tsdf_node' build argument 'catkin_cmake_args' from command line to 'None'
[0.122s] colcon.colcon_core.verb Level 5 set package 'openvocab_tsdf_node' build argument 'catkin_skip_building_tests' from command line to 'False'
[0.122s] colcon.colcon_core.verb DEBUG Building package 'openvocab_tsdf_node' with the following arguments: {'ament_cmake_args': None, 'build_base': '/home/yusuf/Projects/personal/openvocab-tsdf/ros2_ws/build/openvocab_tsdf_node', 'catkin_cmake_args': None, 'catkin_skip_building_tests': False, 'cmake_args': None, 'cmake_clean_cache': False, 'cmake_clean_first': False, 'cmake_force_configure': False, 'cmake_target': None, 'cmake_target_skip_unavailable': False, 'install_base': '/home/yusuf/Projects/personal/openvocab-tsdf/ros2_ws/install/openvocab_tsdf_node', 'merge_install': False, 'path': '/home/yusuf/Projects/personal/openvocab-tsdf/ros2_ws/src/openvocab_tsdf_node', 'symlink_install': True, 'test_result_base': None}
[0.122s] colcon.colcon_core.executor INFO Executing jobs using 'parallel' executor
[0.123s] colcon.colcon_parallel_executor.executor.parallel DEBUG run_until_complete
[0.123s] colcon.colcon_ros.task.ament_cmake.build INFO Building ROS package in '/home/yusuf/Projects/personal/openvocab-tsdf/ros2_ws/src/openvocab_tsdf_msgs' with build type 'ament_cmake'
[0.123s] colcon.colcon_cmake.task.cmake.build INFO Building CMake package in '/home/yusuf/Projects/personal/openvocab-tsdf/ros2_ws/src/openvocab_tsdf_msgs'
[0.124s] colcon.colcon_core.plugin_system INFO Skipping extension 'colcon_core.shell.bat': Not used on non-Windows systems
[0.124s] colcon.colcon_core.shell INFO Skip shell extension 'powershell' for command environment: Not usable outside of PowerShell
[0.124s] colcon.colcon_core.shell DEBUG Skip shell extension 'dsv' for command environment
[0.128s] colcon.colcon_core.event_handler.log_command DEBUG Invoking command in '/home/yusuf/Projects/personal/openvocab-tsdf/ros2_ws/build/openvocab_tsdf_msgs': CMAKE_PREFIX_PATH=/home/yusuf/ros2_ws/install/go2_yolo_msgs:/home/yusuf/ros2_ws/install/go2_yolo_bringup:/home/yusuf/ros2_ws/install/go2_navigation:/home/yusuf/ros2_ws/install/go2_msgs:/home/yusuf/ros2_ws/install/go2_gait_controller:/home/yusuf/ros2_ws/install/go2_description:/home/yusuf/ros2_ws/install/champ_teleop:/home/yusuf/ros2_ws/install/champ_navigation:/home/yusuf/ros2_ws/install/champ_gazebo:/home/yusuf/ros2_ws/install/champ_bringup:/home/yusuf/ros2_ws/install/champ_base:/home/yusuf/ros2_ws/install/go2_yolo_navigator:/home/yusuf/ros2_ws/install/go2_yolo_detector:/home/yusuf/ros2_ws/install/go2_voice_control:/home/yusuf/ros2_ws/install/go2_bringup:/home/yusuf/ros2_ws/install/go2_voice_commander:/home/yusuf/ros2_ws/install/go2_safety_monitor:/home/yusuf/ros2_ws/install/go2_perception:/home/yusuf/ros2_ws/install/go2_intent_grounding:/home/yusuf/ros2_ws/install/go2_audio_perception:/home/yusuf/ros2_ws/install/go2_audio:/opt/ros/humble:/home/yusuf/ros2_ws/install/champ_msgs:/home/yusuf/ros2_ws/install/champ_description:/home/yusuf/ros2_ws/install/champ_config:/home/yusuf/ros2_ws/install/champ /usr/bin/cmake /home/yusuf/Projects/personal/openvocab-tsdf/ros2_ws/src/openvocab_tsdf_msgs -DAMENT_CMAKE_SYMLINK_INSTALL=1 -DCMAKE_INSTALL_PREFIX=/home/yusuf/Projects/personal/openvocab-tsdf/ros2_ws/install/openvocab_tsdf_msgs
[1.220s] colcon.colcon_core.event_handler.log_command DEBUG Invoked command in '/home/yusuf/Projects/personal/openvocab-tsdf/ros2_ws/build/openvocab_tsdf_msgs' returned '0': CMAKE_PREFIX_PATH=/home/yusuf/ros2_ws/install/go2_yolo_msgs:/home/yusuf/ros2_ws/install/go2_yolo_bringup:/home/yusuf/ros2_ws/install/go2_navigation:/home/yusuf/ros2_ws/install/go2_msgs:/home/yusuf/ros2_ws/install/go2_gait_controller:/home/yusuf/ros2_ws/install/go2_description:/home/yusuf/ros2_ws/install/champ_teleop:/home/yusuf/ros2_ws/install/champ_navigation:/home/yusuf/ros2_ws/install/champ_gazebo:/home/yusuf/ros2_ws/install/champ_bringup:/home/yusuf/ros2_ws/install/champ_base:/home/yusuf/ros2_ws/install/go2_yolo_navigator:/home/yusuf/ros2_ws/install/go2_yolo_detector:/home/yusuf/ros2_ws/install/go2_voice_control:/home/yusuf/ros2_ws/install/go2_bringup:/home/yusuf/ros2_ws/install/go2_voice_commander:/home/yusuf/ros2_ws/install/go2_safety_monitor:/home/yusuf/ros2_ws/install/go2_perception:/home/yusuf/ros2_ws/install/go2_intent_grounding:/home/yusuf/ros2_ws/install/go2_audio_perception:/home/yusuf/ros2_ws/install/go2_audio:/opt/ros/humble:/home/yusuf/ros2_ws/install/champ_msgs:/home/yusuf/ros2_ws/install/champ_description:/home/yusuf/ros2_ws/install/champ_config:/home/yusuf/ros2_ws/install/champ /usr/bin/cmake /home/yusuf/Projects/personal/openvocab-tsdf/ros2_ws/src/openvocab_tsdf_msgs -DAMENT_CMAKE_SYMLINK_INSTALL=1 -DCMAKE_INSTALL_PREFIX=/home/yusuf/Projects/personal/openvocab-tsdf/ros2_ws/install/openvocab_tsdf_msgs
[1.221s] colcon.colcon_core.event_handler.log_command DEBUG Invoking command in '/home/yusuf/Projects/personal/openvocab-tsdf/ros2_ws/build/openvocab_tsdf_msgs': CMAKE_PREFIX_PATH=/home/yusuf/ros2_ws/install/go2_yolo_msgs:/home/yusuf/ros2_ws/install/go2_yolo_bringup:/home/yusuf/ros2_ws/install/go2_navigation:/home/yusuf/ros2_ws/install/go2_msgs:/home/yusuf/ros2_ws/install/go2_gait_controller:/home/yusuf/ros2_ws/install/go2_description:/home/yusuf/ros2_ws/install/champ_teleop:/home/yusuf/ros2_ws/install/champ_navigation:/home/yusuf/ros2_ws/install/champ_gazebo:/home/yusuf/ros2_ws/install/champ_bringup:/home/yusuf/ros2_ws/install/champ_base:/home/yusuf/ros2_ws/install/go2_yolo_navigator:/home/yusuf/ros2_ws/install/go2_yolo_detector:/home/yusuf/ros2_ws/install/go2_voice_control:/home/yusuf/ros2_ws/install/go2_bringup:/home/yusuf/ros2_ws/install/go2_voice_commander:/home/yusuf/ros2_ws/install/go2_safety_monitor:/home/yusuf/ros2_ws/install/go2_perception:/home/yusuf/ros2_ws/install/go2_intent_grounding:/home/yusuf/ros2_ws/install/go2_audio_perception:/home/yusuf/ros2_ws/install/go2_audio:/opt/ros/humble:/home/yusuf/ros2_ws/install/champ_msgs:/home/yusuf/ros2_ws/install/champ_description:/home/yusuf/ros2_ws/install/champ_config:/home/yusuf/ros2_ws/install/champ /usr/bin/cmake --build /home/yusuf/Projects/personal/openvocab-tsdf/ros2_ws/build/openvocab_tsdf_msgs -- -j24 -l24
[2.193s] colcon.colcon_core.event_handler.log_command DEBUG Invoked command in '/home/yusuf/Projects/personal/openvocab-tsdf/ros2_ws/build/openvocab_tsdf_msgs' returned '0': CMAKE_PREFIX_PATH=/home/yusuf/ros2_ws/install/go2_yolo_msgs:/home/yusuf/ros2_ws/install/go2_yolo_bringup:/home/yusuf/ros2_ws/install/go2_navigation:/home/yusuf/ros2_ws/install/go2_msgs:/home/yusuf/ros2_ws/install/go2_gait_controller:/home/yusuf/ros2_ws/install/go2_description:/home/yusuf/ros2_ws/install/champ_teleop:/home/yusuf/ros2_ws/install/champ_navigation:/home/yusuf/ros2_ws/install/champ_gazebo:/home/yusuf/ros2_ws/install/champ_bringup:/home/yusuf/ros2_ws/install/champ_base:/home/yusuf/ros2_ws/install/go2_yolo_navigator:/home/yusuf/ros2_ws/install/go2_yolo_detector:/home/yusuf/ros2_ws/install/go2_voice_control:/home/yusuf/ros2_ws/install/go2_bringup:/home/yusuf/ros2_ws/install/go2_voice_commander:/home/yusuf/ros2_ws/install/go2_safety_monitor:/home/yusuf/ros2_ws/install/go2_perception:/home/yusuf/ros2_ws/install/go2_intent_grounding:/home/yusuf/ros2_ws/install/go2_audio_perception:/home/yusuf/ros2_ws/install/go2_audio:/opt/ros/humble:/home/yusuf/ros2_ws/install/champ_msgs:/home/yusuf/ros2_ws/install/champ_description:/home/yusuf/ros2_ws/install/champ_config:/home/yusuf/ros2_ws/install/champ /usr/bin/cmake --build /home/yusuf/Projects/personal/openvocab-tsdf/ros2_ws/build/openvocab_tsdf_msgs -- -j24 -l24
[2.197s] colcon.colcon_core.event_handler.log_command DEBUG Invoking command in '/home/yusuf/Projects/personal/openvocab-tsdf/ros2_ws/build/openvocab_tsdf_msgs': CMAKE_PREFIX_PATH=/home/yusuf/ros2_ws/install/go2_yolo_msgs:/home/yusuf/ros2_ws/install/go2_yolo_bringup:/home/yusuf/ros2_ws/install/go2_navigation:/home/yusuf/ros2_ws/install/go2_msgs:/home/yusuf/ros2_ws/install/go2_gait_controller:/home/yusuf/ros2_ws/install/go2_description:/home/yusuf/ros2_ws/install/champ_teleop:/home/yusuf/ros2_ws/install/champ_navigation:/home/yusuf/ros2_ws/install/champ_gazebo:/home/yusuf/ros2_ws/install/champ_bringup:/home/yusuf/ros2_ws/install/champ_base:/home/yusuf/ros2_ws/install/go2_yolo_navigator:/home/yusuf/ros2_ws/install/go2_yolo_detector:/home/yusuf/ros2_ws/install/go2_voice_control:/home/yusuf/ros2_ws/install/go2_bringup:/home/yusuf/ros2_ws/install/go2_voice_commander:/home/yusuf/ros2_ws/install/go2_safety_monitor:/home/yusuf/ros2_ws/install/go2_perception:/home/yusuf/ros2_ws/install/go2_intent_grounding:/home/yusuf/ros2_ws/install/go2_audio_perception:/home/yusuf/ros2_ws/install/go2_audio:/opt/ros/humble:/home/yusuf/ros2_ws/install/champ_msgs:/home/yusuf/ros2_ws/install/champ_description:/home/yusuf/ros2_ws/install/champ_config:/home/yusuf/ros2_ws/install/champ /usr/bin/cmake --install /home/yusuf/Projects/personal/openvocab-tsdf/ros2_ws/build/openvocab_tsdf_msgs
[2.508s] colcon.colcon_core.environment Level 1 create_environment_scripts_only(openvocab_tsdf_msgs)
[2.508s] colcon.colcon_core.event_handler.log_command DEBUG Invoked command in '/home/yusuf/Projects/personal/openvocab-tsdf/ros2_ws/build/openvocab_tsdf_msgs' returned '0': CMAKE_PREFIX_PATH=/home/yusuf/ros2_ws/install/go2_yolo_msgs:/home/yusuf/ros2_ws/install/go2_yolo_bringup:/home/yusuf/ros2_ws/install/go2_navigation:/home/yusuf/ros2_ws/install/go2_msgs:/home/yusuf/ros2_ws/install/go2_gait_controller:/home/yusuf/ros2_ws/install/go2_description:/home/yusuf/ros2_ws/install/champ_teleop:/home/yusuf/ros2_ws/install/champ_navigation:/home/yusuf/ros2_ws/install/champ_gazebo:/home/yusuf/ros2_ws/install/champ_bringup:/home/yusuf/ros2_ws/install/champ_base:/home/yusuf/ros2_ws/install/go2_yolo_navigator:/home/yusuf/ros2_ws/install/go2_yolo_detector:/home/yusuf/ros2_ws/install/go2_voice_control:/home/yusuf/ros2_ws/install/go2_bringup:/home/yusuf/ros2_ws/install/go2_voice_commander:/home/yusuf/ros2_ws/install/go2_safety_monitor:/home/yusuf/ros2_ws/install/go2_perception:/home/yusuf/ros2_ws/install/go2_intent_grounding:/home/yusuf/ros2_ws/install/go2_audio_perception:/home/yusuf/ros2_ws/install/go2_audio:/opt/ros/humble:/home/yusuf/ros2_ws/install/champ_msgs:/home/yusuf/ros2_ws/install/champ_description:/home/yusuf/ros2_ws/install/champ_config:/home/yusuf/ros2_ws/install/champ /usr/bin/cmake --install /home/yusuf/Projects/personal/openvocab-tsdf/ros2_ws/build/openvocab_tsdf_msgs
[2.509s] colcon.colcon_core.environment Level 1 checking '/home/yusuf/Projects/personal/openvocab-tsdf/ros2_ws/install/openvocab_tsdf_msgs' for CMake module files
[2.509s] colcon.colcon_core.environment Level 1 checking '/home/yusuf/Projects/personal/openvocab-tsdf/ros2_ws/install/openvocab_tsdf_msgs' for CMake config files
[2.510s] colcon.colcon_core.shell Level 1 create_environment_hook('openvocab_tsdf_msgs', 'cmake_prefix_path')
[2.510s] colcon.colcon_core.shell INFO Creating environment hook '/home/yusuf/Projects/personal/openvocab-tsdf/ros2_ws/install/openvocab_tsdf_msgs/share/openvocab_tsdf_msgs/hook/cmake_prefix_path.ps1'
[2.510s] colcon.colcon_core.shell INFO Creating environment descriptor '/home/yusuf/Projects/personal/openvocab-tsdf/ros2_ws/install/openvocab_tsdf_msgs/share/openvocab_tsdf_msgs/hook/cmake_prefix_path.dsv'
[2.510s] colcon.colcon_core.shell INFO Creating environment hook '/home/yusuf/Projects/personal/openvocab-tsdf/ros2_ws/install/openvocab_tsdf_msgs/share/openvocab_tsdf_msgs/hook/cmake_prefix_path.sh'
[2.511s] colcon.colcon_core.environment Level 1 checking '/home/yusuf/Projects/personal/openvocab-tsdf/ros2_ws/install/openvocab_tsdf_msgs/lib'
[2.511s] colcon.colcon_core.shell Level 1 create_environment_hook('openvocab_tsdf_msgs', 'ld_library_path_lib')
[2.511s] colcon.colcon_core.shell INFO Creating environment hook '/home/yusuf/Projects/personal/openvocab-tsdf/ros2_ws/install/openvocab_tsdf_msgs/share/openvocab_tsdf_msgs/hook/ld_library_path_lib.ps1'
[2.511s] colcon.colcon_core.shell INFO Creating environment descriptor '/home/yusuf/Projects/personal/openvocab-tsdf/ros2_ws/install/openvocab_tsdf_msgs/share/openvocab_tsdf_msgs/hook/ld_library_path_lib.dsv'
[2.511s] colcon.colcon_core.shell INFO Creating environment hook '/home/yusuf/Projects/personal/openvocab-tsdf/ros2_ws/install/openvocab_tsdf_msgs/share/openvocab_tsdf_msgs/hook/ld_library_path_lib.sh'
[2.511s] colcon.colcon_core.environment Level 1 checking '/home/yusuf/Projects/personal/openvocab-tsdf/ros2_ws/install/openvocab_tsdf_msgs/bin'
[2.511s] colcon.colcon_core.environment Level 1 checking '/home/yusuf/Projects/personal/openvocab-tsdf/ros2_ws/install/openvocab_tsdf_msgs/lib/pkgconfig/openvocab_tsdf_msgs.pc'
[2.511s] colcon.colcon_core.environment Level 1 checking '/home/yusuf/Projects/personal/openvocab-tsdf/ros2_ws/install/openvocab_tsdf_msgs/lib/python3.10/site-packages'
[2.511s] colcon.colcon_core.environment Level 1 checking '/home/yusuf/Projects/personal/openvocab-tsdf/ros2_ws/install/openvocab_tsdf_msgs/bin'
[2.511s] colcon.colcon_core.shell INFO Creating package script '/home/yusuf/Projects/personal/openvocab-tsdf/ros2_ws/install/openvocab_tsdf_msgs/share/openvocab_tsdf_msgs/package.ps1'
[2.512s] colcon.colcon_core.shell INFO Creating package descriptor '/home/yusuf/Projects/personal/openvocab-tsdf/ros2_ws/install/openvocab_tsdf_msgs/share/openvocab_tsdf_msgs/package.dsv'
[2.512s] colcon.colcon_core.shell INFO Creating package script '/home/yusuf/Projects/personal/openvocab-tsdf/ros2_ws/install/openvocab_tsdf_msgs/share/openvocab_tsdf_msgs/package.sh'
[2.512s] colcon.colcon_core.shell INFO Creating package script '/home/yusuf/Projects/personal/openvocab-tsdf/ros2_ws/install/openvocab_tsdf_msgs/share/openvocab_tsdf_msgs/package.bash'
[2.513s] colcon.colcon_core.shell INFO Creating package script '/home/yusuf/Projects/personal/openvocab-tsdf/ros2_ws/install/openvocab_tsdf_msgs/share/openvocab_tsdf_msgs/package.zsh'
[2.513s] colcon.colcon_core.environment Level 1 create_file_with_runtime_dependencies(/home/yusuf/Projects/personal/openvocab-tsdf/ros2_ws/install/openvocab_tsdf_msgs/share/colcon-core/packages/openvocab_tsdf_msgs)
[2.513s] colcon.colcon_core.environment Level 1 create_environment_scripts_only(openvocab_tsdf_msgs)
[2.513s] colcon.colcon_core.environment Level 1 checking '/home/yusuf/Projects/personal/openvocab-tsdf/ros2_ws/install/openvocab_tsdf_msgs' for CMake module files
[2.513s] colcon.colcon_core.environment Level 1 checking '/home/yusuf/Projects/personal/openvocab-tsdf/ros2_ws/install/openvocab_tsdf_msgs' for CMake config files
[2.514s] colcon.colcon_core.shell Level 1 create_environment_hook('openvocab_tsdf_msgs', 'cmake_prefix_path')
[2.514s] colcon.colcon_core.shell INFO Creating environment hook '/home/yusuf/Projects/personal/openvocab-tsdf/ros2_ws/install/openvocab_tsdf_msgs/share/openvocab_tsdf_msgs/hook/cmake_prefix_path.ps1'
[2.514s] colcon.colcon_core.shell INFO Creating environment descriptor '/home/yusuf/Projects/personal/openvocab-tsdf/ros2_ws/install/openvocab_tsdf_msgs/share/openvocab_tsdf_msgs/hook/cmake_prefix_path.dsv'
[2.514s] colcon.colcon_core.shell INFO Creating environment hook '/home/yusuf/Projects/personal/openvocab-tsdf/ros2_ws/install/openvocab_tsdf_msgs/share/openvocab_tsdf_msgs/hook/cmake_prefix_path.sh'
[2.514s] colcon.colcon_core.environment Level 1 checking '/home/yusuf/Projects/personal/openvocab-tsdf/ros2_ws/install/openvocab_tsdf_msgs/lib'
[2.514s] colcon.colcon_core.shell Level 1 create_environment_hook('openvocab_tsdf_msgs', 'ld_library_path_lib')
[2.514s] colcon.colcon_core.shell INFO Creating environment hook '/home/yusuf/Projects/personal/openvocab-tsdf/ros2_ws/install/openvocab_tsdf_msgs/share/openvocab_tsdf_msgs/hook/ld_library_path_lib.ps1'
[2.515s] colcon.colcon_core.shell INFO Creating environment descriptor '/home/yusuf/Projects/personal/openvocab-tsdf/ros2_ws/install/openvocab_tsdf_msgs/share/openvocab_tsdf_msgs/hook/ld_library_path_lib.dsv'
[2.515s] colcon.colcon_core.shell INFO Creating environment hook '/home/yusuf/Projects/personal/openvocab-tsdf/ros2_ws/install/openvocab_tsdf_msgs/share/openvocab_tsdf_msgs/hook/ld_library_path_lib.sh'
[2.515s] colcon.colcon_core.environment Level 1 checking '/home/yusuf/Projects/personal/openvocab-tsdf/ros2_ws/install/openvocab_tsdf_msgs/bin'
[2.515s] colcon.colcon_core.environment Level 1 checking '/home/yusuf/Projects/personal/openvocab-tsdf/ros2_ws/install/openvocab_tsdf_msgs/lib/pkgconfig/openvocab_tsdf_msgs.pc'
[2.515s] colcon.colcon_core.environment Level 1 checking '/home/yusuf/Projects/personal/openvocab-tsdf/ros2_ws/install/openvocab_tsdf_msgs/lib/python3.10/site-packages'
[2.515s] colcon.colcon_core.environment Level 1 checking '/home/yusuf/Projects/personal/openvocab-tsdf/ros2_ws/install/openvocab_tsdf_msgs/bin'
[2.515s] colcon.colcon_core.shell INFO Creating package script '/home/yusuf/Projects/personal/openvocab-tsdf/ros2_ws/install/openvocab_tsdf_msgs/share/openvocab_tsdf_msgs/package.ps1'
[2.515s] colcon.colcon_core.shell INFO Creating package descriptor '/home/yusuf/Projects/personal/openvocab-tsdf/ros2_ws/install/openvocab_tsdf_msgs/share/openvocab_tsdf_msgs/package.dsv'
[2.515s] colcon.colcon_core.shell INFO Creating package script '/home/yusuf/Projects/personal/openvocab-tsdf/ros2_ws/install/openvocab_tsdf_msgs/share/openvocab_tsdf_msgs/package.sh'
[2.516s] colcon.colcon_core.shell INFO Creating package script '/home/yusuf/Projects/personal/openvocab-tsdf/ros2_ws/install/openvocab_tsdf_msgs/share/openvocab_tsdf_msgs/package.bash'
[2.516s] colcon.colcon_core.shell INFO Creating package script '/home/yusuf/Projects/personal/openvocab-tsdf/ros2_ws/install/openvocab_tsdf_msgs/share/openvocab_tsdf_msgs/package.zsh'
[2.516s] colcon.colcon_core.environment Level 1 create_file_with_runtime_dependencies(/home/yusuf/Projects/personal/openvocab-tsdf/ros2_ws/install/openvocab_tsdf_msgs/share/colcon-core/packages/openvocab_tsdf_msgs)
[2.516s] colcon.colcon_ros.task.ament_python.build INFO Building ROS package in '/home/yusuf/Projects/personal/openvocab-tsdf/ros2_ws/src/openvocab_tsdf_node' with build type 'ament_python'
[2.516s] colcon.colcon_core.shell Level 1 create_environment_hook('openvocab_tsdf_node', 'ament_prefix_path')
[2.516s] colcon.colcon_core.shell INFO Creating environment hook '/home/yusuf/Projects/personal/openvocab-tsdf/ros2_ws/install/openvocab_tsdf_node/share/openvocab_tsdf_node/hook/ament_prefix_path.ps1'
[2.516s] colcon.colcon_core.shell INFO Creating environment descriptor '/home/yusuf/Projects/personal/openvocab-tsdf/ros2_ws/install/openvocab_tsdf_node/share/openvocab_tsdf_node/hook/ament_prefix_path.dsv'
[2.516s] colcon.colcon_core.shell INFO Creating environment hook '/home/yusuf/Projects/personal/openvocab-tsdf/ros2_ws/install/openvocab_tsdf_node/share/openvocab_tsdf_node/hook/ament_prefix_path.sh'
[2.517s] colcon.colcon_core.shell INFO Skip shell extension 'powershell' for command environment: Not usable outside of PowerShell
[2.517s] colcon.colcon_core.shell DEBUG Skip shell extension 'dsv' for command environment
[2.616s] colcon.colcon_core.task.python.build INFO Building Python package in '/home/yusuf/Projects/personal/openvocab-tsdf/ros2_ws/src/openvocab_tsdf_node'
[2.616s] colcon.colcon_core.shell INFO Skip shell extension 'powershell' for command environment: Not usable outside of PowerShell
[2.616s] colcon.colcon_core.shell DEBUG Skip shell extension 'dsv' for command environment
[2.842s] colcon.colcon_core.event_handler.log_command DEBUG Invoking command in '/home/yusuf/Projects/personal/openvocab-tsdf/ros2_ws/build/openvocab_tsdf_node': AMENT_PREFIX_PATH=/home/yusuf/Projects/personal/openvocab-tsdf/ros2_ws/install/openvocab_tsdf_msgs:${AMENT_PREFIX_PATH} CMAKE_PREFIX_PATH=/home/yusuf/Projects/personal/openvocab-tsdf/ros2_ws/install/openvocab_tsdf_msgs:${CMAKE_PREFIX_PATH} LD_LIBRARY_PATH=/home/yusuf/Projects/personal/openvocab-tsdf/ros2_ws/install/openvocab_tsdf_msgs/lib:${LD_LIBRARY_PATH} PYTHONPATH=/home/yusuf/Projects/personal/openvocab-tsdf/ros2_ws/build/openvocab_tsdf_node/prefix_override:/usr/lib/python3/dist-packages/colcon_core/task/python/colcon_distutils_commands:/home/yusuf/Projects/personal/openvocab-tsdf/ros2_ws/install/openvocab_tsdf_node/lib/python3.10/site-packages:/home/yusuf/Projects/personal/openvocab-tsdf/ros2_ws/install/openvocab_tsdf_msgs/local/lib/python3.10/dist-packages:${PYTHONPATH} /usr/bin/python3 -W ignore:setup.py install is deprecated -W ignore:easy_install command is deprecated setup.py develop --editable --build-directory /home/yusuf/Projects/personal/openvocab-tsdf/ros2_ws/build/openvocab_tsdf_node/build --no-deps symlink_data
[3.108s] colcon.colcon_core.shell Level 1 create_environment_hook('openvocab_tsdf_node', 'pythonpath_develop')
[3.108s] colcon.colcon_core.shell INFO Creating environment hook '/home/yusuf/Projects/personal/openvocab-tsdf/ros2_ws/build/openvocab_tsdf_node/share/openvocab_tsdf_node/hook/pythonpath_develop.ps1'
[3.108s] colcon.colcon_core.event_handler.log_command DEBUG Invoked command in '/home/yusuf/Projects/personal/openvocab-tsdf/ros2_ws/build/openvocab_tsdf_node' returned '0': AMENT_PREFIX_PATH=/home/yusuf/Projects/personal/openvocab-tsdf/ros2_ws/install/openvocab_tsdf_msgs:${AMENT_PREFIX_PATH} CMAKE_PREFIX_PATH=/home/yusuf/Projects/personal/openvocab-tsdf/ros2_ws/install/openvocab_tsdf_msgs:${CMAKE_PREFIX_PATH} LD_LIBRARY_PATH=/home/yusuf/Projects/personal/openvocab-tsdf/ros2_ws/install/openvocab_tsdf_msgs/lib:${LD_LIBRARY_PATH} PYTHONPATH=/home/yusuf/Projects/personal/openvocab-tsdf/ros2_ws/build/openvocab_tsdf_node/prefix_override:/usr/lib/python3/dist-packages/colcon_core/task/python/colcon_distutils_commands:/home/yusuf/Projects/personal/openvocab-tsdf/ros2_ws/install/openvocab_tsdf_node/lib/python3.10/site-packages:/home/yusuf/Projects/personal/openvocab-tsdf/ros2_ws/install/openvocab_tsdf_msgs/local/lib/python3.10/dist-packages:${PYTHONPATH} /usr/bin/python3 -W ignore:setup.py install is deprecated -W ignore:easy_install command is deprecated setup.py develop --editable --build-directory /home/yusuf/Projects/personal/openvocab-tsdf/ros2_ws/build/openvocab_tsdf_node/build --no-deps symlink_data
[3.108s] colcon.colcon_core.shell INFO Creating environment descriptor '/home/yusuf/Projects/personal/openvocab-tsdf/ros2_ws/build/openvocab_tsdf_node/share/openvocab_tsdf_node/hook/pythonpath_develop.dsv'
[3.108s] colcon.colcon_core.shell INFO Creating environment hook '/home/yusuf/Projects/personal/openvocab-tsdf/ros2_ws/build/openvocab_tsdf_node/share/openvocab_tsdf_node/hook/pythonpath_develop.sh'
[3.109s] colcon.colcon_core.environment Level 1 checking '/home/yusuf/Projects/personal/openvocab-tsdf/ros2_ws/install/openvocab_tsdf_node' for CMake module files
[3.109s] colcon.colcon_core.environment Level 1 checking '/home/yusuf/Projects/personal/openvocab-tsdf/ros2_ws/install/openvocab_tsdf_node' for CMake config files
[3.109s] colcon.colcon_core.environment Level 1 checking '/home/yusuf/Projects/personal/openvocab-tsdf/ros2_ws/install/openvocab_tsdf_node/lib'
[3.109s] colcon.colcon_core.environment Level 1 checking '/home/yusuf/Projects/personal/openvocab-tsdf/ros2_ws/install/openvocab_tsdf_node/bin'
[3.109s] colcon.colcon_core.environment Level 1 checking '/home/yusuf/Projects/personal/openvocab-tsdf/ros2_ws/install/openvocab_tsdf_node/lib/pkgconfig/openvocab_tsdf_node.pc'
[3.109s] colcon.colcon_core.environment Level 1 checking '/home/yusuf/Projects/personal/openvocab-tsdf/ros2_ws/install/openvocab_tsdf_node/lib/python3.10/site-packages'
[3.109s] colcon.colcon_core.shell Level 1 create_environment_hook('openvocab_tsdf_node', 'pythonpath')
[3.109s] colcon.colcon_core.shell INFO Creating environment hook '/home/yusuf/Projects/personal/openvocab-tsdf/ros2_ws/install/openvocab_tsdf_node/share/openvocab_tsdf_node/hook/pythonpath.ps1'
[3.109s] colcon.colcon_core.shell INFO Creating environment descriptor '/home/yusuf/Projects/personal/openvocab-tsdf/ros2_ws/install/openvocab_tsdf_node/share/openvocab_tsdf_node/hook/pythonpath.dsv'
[3.110s] colcon.colcon_core.shell INFO Creating environment hook '/home/yusuf/Projects/personal/openvocab-tsdf/ros2_ws/install/openvocab_tsdf_node/share/openvocab_tsdf_node/hook/pythonpath.sh'
[3.110s] colcon.colcon_core.environment Level 1 checking '/home/yusuf/Projects/personal/openvocab-tsdf/ros2_ws/install/openvocab_tsdf_node/bin'
[3.110s] colcon.colcon_core.environment Level 1 create_environment_scripts_only(openvocab_tsdf_node)
[3.110s] colcon.colcon_core.shell INFO Creating package script '/home/yusuf/Projects/personal/openvocab-tsdf/ros2_ws/install/openvocab_tsdf_node/share/openvocab_tsdf_node/package.ps1'
[3.110s] colcon.colcon_core.shell INFO Creating package descriptor '/home/yusuf/Projects/personal/openvocab-tsdf/ros2_ws/install/openvocab_tsdf_node/share/openvocab_tsdf_node/package.dsv'
[3.110s] colcon.colcon_core.shell INFO Creating package script '/home/yusuf/Projects/personal/openvocab-tsdf/ros2_ws/install/openvocab_tsdf_node/share/openvocab_tsdf_node/package.sh'
[3.110s] colcon.colcon_core.shell INFO Creating package script '/home/yusuf/Projects/personal/openvocab-tsdf/ros2_ws/install/openvocab_tsdf_node/share/openvocab_tsdf_node/package.bash'
[3.111s] colcon.colcon_core.shell INFO Creating package script '/home/yusuf/Projects/personal/openvocab-tsdf/ros2_ws/install/openvocab_tsdf_node/share/openvocab_tsdf_node/package.zsh'
[3.111s] colcon.colcon_core.environment Level 1 create_file_with_runtime_dependencies(/home/yusuf/Projects/personal/openvocab-tsdf/ros2_ws/install/openvocab_tsdf_node/share/colcon-core/packages/openvocab_tsdf_node)
[3.111s] colcon.colcon_parallel_executor.executor.parallel DEBUG closing loop
[3.111s] colcon.colcon_parallel_executor.executor.parallel DEBUG loop closed
[3.111s] colcon.colcon_parallel_executor.executor.parallel DEBUG run_until_complete finished with '0'
[3.111s] colcon.colcon_core.event_reactor DEBUG joining thread
[3.113s] colcon.colcon_core.plugin_system INFO Skipping extension 'colcon_notification.desktop_notification.terminal_notifier': Not used on non-Darwin systems
[3.113s] colcon.colcon_core.plugin_system INFO Skipping extension 'colcon_notification.desktop_notification.win32': Not used on non-Windows systems
[3.113s] colcon.colcon_notification.desktop_notification INFO Sending desktop notification using 'notify2'
[3.121s] colcon.colcon_core.event_reactor DEBUG joined thread
[3.121s] colcon.colcon_core.shell INFO Creating prefix script '/home/yusuf/Projects/personal/openvocab-tsdf/ros2_ws/install/local_setup.ps1'
[3.121s] colcon.colcon_core.shell INFO Creating prefix util module '/home/yusuf/Projects/personal/openvocab-tsdf/ros2_ws/install/_local_setup_util_ps1.py'
[3.122s] colcon.colcon_core.shell INFO Creating prefix chain script '/home/yusuf/Projects/personal/openvocab-tsdf/ros2_ws/install/setup.ps1'
[3.122s] colcon.colcon_core.shell INFO Creating prefix script '/home/yusuf/Projects/personal/openvocab-tsdf/ros2_ws/install/local_setup.sh'
[3.123s] colcon.colcon_core.shell INFO Creating prefix util module '/home/yusuf/Projects/personal/openvocab-tsdf/ros2_ws/install/_local_setup_util_sh.py'
[3.123s] colcon.colcon_core.shell INFO Creating prefix chain script '/home/yusuf/Projects/personal/openvocab-tsdf/ros2_ws/install/setup.sh'
[3.123s] colcon.colcon_core.shell INFO Creating prefix script '/home/yusuf/Projects/personal/openvocab-tsdf/ros2_ws/install/local_setup.bash'
[3.123s] colcon.colcon_core.shell INFO Creating prefix chain script '/home/yusuf/Projects/personal/openvocab-tsdf/ros2_ws/install/setup.bash'
[3.124s] colcon.colcon_core.shell INFO Creating prefix script '/home/yusuf/Projects/personal/openvocab-tsdf/ros2_ws/install/local_setup.zsh'
[3.124s] colcon.colcon_core.shell INFO Creating prefix chain script '/home/yusuf/Projects/personal/openvocab-tsdf/ros2_ws/install/setup.zsh'
