running develop
running egg_info
creating openvocab_tsdf_node.egg-info
writing openvocab_tsdf_node.egg-info/PKG-INFO
writing dependency_links to openvocab_tsdf_node.egg-info/dependency_links.txt
writing entry points to openvocab_tsdf_node.egg-info/entry_points.txt
writing requirements to openvocab_tsdf_node.egg-info/requires.txt
writing top-level names to openvocab_tsdf_node.egg-info/top_level.txt
writing manifest file 'openvocab_tsdf_node.egg-info/SOURCES.txt'
reading manifest file 'openvocab_tsdf_node.egg-info/SOURCES.txt'
writing manifest file 'openvocab_tsdf_node.egg-info/SOURCES.txt'
running build_ext
Creating /home/yusuf/Projects/personal/openvocab-tsdf/ros2_ws/install/openvocab_tsdf_node/lib/python3.10/site-packages/openvocab-tsdf-node.egg-link (link to .)
Installing grounding_node script to /home/yusuf/Projects/personal/openvocab-tsdf/ros2_ws/install/openvocab_tsdf_node/lib/openvocab_tsdf_node

Installed /home/yusuf/Projects/personal/openvocab-tsdf/ros2_ws/build/openvocab_tsdf_node
running symlink_data
creating /home/yusuf/Projects/personal/openvocab-tsdf/ros2_ws/install/openvocab_tsdf_node/share/ament_index
creating /home/yusuf/Projects/personal/openvocab-tsdf/ros2_ws/install/openvocab_tsdf_node/share/ament_index/resource_index
creating /home/yusuf/Projects/personal/openvocab-tsdf/ros2_ws/install/openvocab_tsdf_node/share/ament_index/resource_index/packages
symbolically linking /home/yusuf/Projects/personal/openvocab-tsdf/ros2_ws/build/openvocab_tsdf_node/resource/openvocab_tsdf_node -> /home/yusuf/Projects/personal/openvocab-tsdf/ros2_ws/install/openvocab_tsdf_node/share/ament_index/resource_index/packages
symbolically linking /home/yusuf/Projects/personal/openvocab-tsdf/ros2_ws/build/openvocab_tsdf_node/package.xml -> /home/yusuf/Projects/personal/openvocab-tsdf/ros2_ws/install/openvocab_tsdf_node/share/openvocab_tsdf_node
creating /home/yusuf/Projects/personal/openvocab-tsdf/ros2_ws/install/openvocab_tsdf_node/share/openvocab_tsdf_node/launch
symbolically linking /home/yusuf/Projects/personal/openvocab-tsdf/ros2_ws/build/openvocab_tsdf_node/launch/bringup.launch.py -> /home/yusuf/Projects/personal/openvocab-tsdf/ros2_ws/install/openvocab_tsdf_node/share/openvocab_tsdf_node/launch
creating /home/yusuf/Projects/personal/openvocab-tsdf/ros2_ws/install/openvocab_tsdf_node/share/openvocab_tsdf_node/config
symbolically linking /home/yusuf/Projects/personal/openvocab-tsdf/ros2_ws/build/openvocab_tsdf_node/config/default.yaml -> /home/yusuf/Projects/personal/openvocab-tsdf/ros2_ws/install/openvocab_tsdf_node/share/openvocab_tsdf_node/config
