[0.051s] colcon DEBUG Command line arguments: ['/usr/bin/colcon', 'build', '--symlink-install', '--packages-select', 'openvocab_tsdf_node']
[0.051s] colcon DEBUG Parsed command line arguments: Namespace(log_base=None, log_level=None, verb_name='build', build_base='build', install_base='install', merge_install=False, symlink_install=True, test_result_base=None, continue_on_error=False, executor='parallel', parallel_workers=24, event_handlers=None, ignore_user_meta=False, metas=['./colcon.meta'], base_paths=['.'], packages_ignore=None, packages_ignore_regex=None, paths=None, packages_up_to=None, packages_up_to_regex=None, packages_above=None, packages_above_and_dependencies=None, packages_above_depth=None, packages_select_by_dep=None, packages_skip_by_dep=None, packages_skip_up_to=None, packages_select_build_failed=False, packages_skip_build_finished=False, packages_select_test_failures=False, packages_skip_test_passed=False, packages_select=['openvocab_tsdf_node'], packages_skip=None, packages_select_regex=None, packages_skip_regex=None, packages_start=None, packages_end=None, allow_overriding=[], cmake_args=None, cmake_target=None, cmake_target_skip_unavailable=False, cmake_clean_cache=False, cmake_clean_first=False, cmake_force_configure=False, ament_cmake_args=None, catkin_cmake_args=None, catkin_skip_building_tests=False, verb_parser=<colcon_defaults.argument_parser.defaults.DefaultArgumentsDecorator object at 0x7ac70d62d360>, verb_extension=<colcon_core.verb.build.BuildVerb object at 0x7ac70d62ce50>, main=<bound method BuildVerb.main of <colcon_core.verb.build.BuildVerb object at 0x7ac70d62ce50>>)
[0.067s] colcon.colcon_core.package_discovery Level 1 discover_packages(colcon_meta) check parameters
[0.068s] colcon.colcon_core.package_discovery Level 1 discover_packages(recursive) check parameters
[0.068s] colcon.colcon_core.package_discovery Level 1 discover_packages(ignore) check parameters
[0.068s] colcon.colcon_core.package_discovery Level 1 discover_packages(path) check parameters
[0.068s] colcon.colcon_core.package_discovery Level 1 discover_packages(colcon_meta) discover
[0.068s] colcon.colcon_core.package_discovery Level 1 discover_packages(recursive) discover
[0.068s] colcon.colcon_core.package_discovery INFO Crawling recursively for packages in '/home/yusuf/Projects/personal/openvocab-tsdf/ros2_ws'
[0.068s] colcon.colcon_core.package_identification Level 1 _identify(.) by extensions ['ignore', 'ignore_ament_install']
[0.068s] colcon.colcon_core.package_identification Level 1 _identify(.) by extension 'ignore'
[0.068s] colcon.colcon_core.package_identification Level 1 _identify(.) by extension 'ignore_ament_install'
[0.068s] colcon.colcon_core.package_identification Level 1 _identify(.) by extensions ['colcon_pkg']
[0.068s] colcon.colcon_core.package_identification Level 1 _identify(.) by extension 'colcon_pkg'
[0.068s] colcon.colcon_core.package_identification Level 1 _identify(.) by extensions ['colcon_meta']
[0.068s] colcon.colcon_core.package_identification Level 1 _identify(.) by extension 'colcon_meta'
[0.068s] colcon.colcon_core.package_identification Level 1 _identify(.) by extensions ['ros']
[0.068s] colcon.colcon_core.package_identification Level 1 _identify(.) by extension 'ros'
[0.080s] colcon.colcon_core.package_identification Level 1 _identify(.) by extensions ['cmake', 'python']
[0.080s] colcon.colcon_core.package_identification Level 1 _identify(.) by extension 'cmake'
[0.080s] colcon.colcon_core.package_identification Level 1 _identify(.) by extension 'python'
[0.080s] colcon.colcon_core.package_identification Level 1 _identify(.) by extensions ['python_setup_py']
[0.080s] colcon.colcon_core.package_identification Level 1 _identify(.) by extension 'python_setup_py'
[0.080s] colcon.colcon_core.package_identification Level 1 _identify(build) by extensions ['ignore', 'ignore_ament_install']
[0.080s] colcon.colcon_core.package_identification Level 1 _identify(build) by extension 'ignore'
[0.080s] colcon.colcon_core.package_identification Level 1 _identify(build) ignored
[0.081s] colcon.colcon_core.package_identification Level 1 _identify(install) by extensions ['ignore', 'ignore_ament_install']
[0.081s] colcon.colcon_core.package_identification Level 1 _identify(install) by extension 'ignore'
[0.081s] colcon.colcon_core.package_identification Level 1 _identify(install) ignored
[0.081s] colcon.colcon_core.package_identification Level 1 _identify(log) by extensions ['ignore', 'ignore_ament_install']
[0.081s] colcon.colcon_core.package_identification Level 1 _identify(log) by extension 'ignore'
[0.081s] colcon.colcon_core.package_identification Level 1 _identify(log) ignored
[0.081s] colcon.colcon_core.package_identification Level 1 _identify(src) by extensions ['ignore', 'ignore_ament_install']
[0.081s] colcon.colcon_core.package_identification Level 1 _identify(src) by extension 'ignore'
[0.081s] colcon.colcon_core.package_identification Level 1 _identify(src) by extension 'ignore_ament_install'
[0.081s] colcon.colcon_core.package_identification Level 1 _identify(src) by extensions ['colcon_pkg']
[0.081s] colcon.colcon_core.package_identification Level 1 _identify(src) by extension 'colcon_pkg'
[0.081s] colcon.colcon_core.package_identification Level 1 _identify(src) by extensions ['colcon_meta']
[0.081s] colcon.colcon_core.package_identification Level 1 _identify(src) by extension 'colcon_meta'
[0.081s] colcon.colcon_core.package_identification Level 1 _identify(src) by extensions ['ros']
[0.081s] colcon.colcon_core.package_identification Level 1 _identify(src) by extension 'ros'
[0.081s] colcon.colcon_core.package_identification Level 1 _identify(src) by extensions ['cmake', 'python']
[0.081s] colcon.colcon_core.package_identification Level 1 _identify(src) by extension 'cmake'
[0.081s] colcon.colcon_core.package_identification Level 1 _identify(src) by extension 'python'
[0.081s] colcon.colcon_core.package_identification Level 1 _identify(src) by extensions ['python_setup_py']
[0.081s] colcon.colcon_core.package_identification Level 1 _identify(src) by extension 'python_setup_py'
[0.081s] colcon.colcon_core.package_identification Level 1 _identify(src/openvocab_tsdf_msgs) by extensions ['ignore', 'ignore_ament_install']
[0.081s] colcon.colcon_core.package_identification Level 1 _identify(src/openvocab_tsdf_msgs) by extension 'ignore'
[0.081s] colcon.colcon_core.package_identification Level 1 _identify(src/openvocab_tsdf_msgs) by extension 'ignore_ament_install'
[0.081s] colcon.colcon_core.package_identification Level 1 _identify(src/openvocab_tsdf_msgs) by extensions ['colcon_pkg']
[0.081s] colcon.colcon_core.package_identification Level 1 _identify(src/openvocab_tsdf_msgs) by extension 'colcon_pkg'
[0.081s] colcon.colcon_core.package_identification Level 1 _identify(src/openvocab_tsdf_msgs) by extensions ['colcon_meta']
[0.081s] colcon.colcon_core.package_identification Level 1 _identify(src/openvocab_tsdf_msgs) by extension 'colcon_meta'
[0.081s] colcon.colcon_core.package_identification Level 1 _identify(src/openvocab_tsdf_msgs) by extensions ['ros']
[0.081s] colcon.colcon_core.package_identification Level 1 _identify(src/openvocab_tsdf_msgs) by extension 'ros'
[0.082s] colcon.colcon_core.package_identification DEBUG Package 'src/openvocab_tsdf_msgs' with type 'ros.ament_cmake' and name 'openvocab_tsdf_msgs'
[0.082s] colcon.colcon_core.package_identification Level 1 _identify(src/openvocab_tsdf_node) by extensions ['ignore', 'ignore_ament_install']
[0.082s] colcon.colcon_core.package_identification Level 1 _identify(src/openvocab_tsdf_node) by extension 'ignore'
[0.082s] colcon.colcon_core.package_identification Level 1 _identify(src/openvocab_tsdf_node) by extension 'ignore_ament_install'
[0.082s] colcon.colcon_core.package_identification Level 1 _identify(src/openvocab_tsdf_node) by extensions ['colcon_pkg']
[0.082s] colcon.colcon_core.package_identification Level 1 _identify(src/openvocab_tsdf_node) by extension 'colcon_pkg'
[0.082s] colcon.colcon_core.package_identification Level 1 _identify(src/openvocab_tsdf_node) by extensions ['colcon_meta']
[0.082s] colcon.colcon_core.package_identification Level 1 _identify(src/openvocab_tsdf_node) by extension 'colcon_meta'
[0.082s] colcon.colcon_core.package_identification Level 1 _identify(src/openvocab_tsdf_node) by extensions ['ros']
[0.082s] colcon.colcon_core.package_identification Level 1 _identify(src/openvocab_tsdf_node) by extension 'ros'
[0.083s] colcon.colcon_core.package_identification DEBUG Package 'src/openvocab_tsdf_node' with type 'ros.ament_python' and name 'openvocab_tsdf_node'
[0.083s] colcon.colcon_core.package_discovery Level 1 discover_packages(recursive) using defaults
[0.083s] colcon.colcon_core.package_discovery Level 1 discover_packages(ignore) discover
[0.083s] colcon.colcon_core.package_discovery Level 1 discover_packages(ignore) using defaults
[0.083s] colcon.colcon_core.package_discovery Level 1 discover_packages(path) discover
[0.083s] colcon.colcon_core.package_discovery Level 1 discover_packages(path) using defaults
[0.089s] colcon.colcon_core.package_selection INFO Skipping not selected package 'openvocab_tsdf_msgs' in 'src/openvocab_tsdf_msgs'
[0.090s] colcon.colcon_core.package_discovery Level 1 discover_packages(prefix_path) check parameters
[0.090s] colcon.colcon_core.package_discovery Level 1 discover_packages(prefix_path) discover
[0.091s] colcon.colcon_installed_package_information.package_discovery DEBUG Found 25 installed packages in /home/yusuf/ros2_ws/install
[0.092s] colcon.colcon_installed_package_information.package_discovery DEBUG Found 426 installed packages in /opt/ros/humble
[0.092s] colcon.colcon_core.package_discovery Level 1 discover_packages(prefix_path) using defaults
[0.116s] colcon.colcon_core.verb Level 5 set package 'openvocab_tsdf_node' build argument 'cmake_args' from command line to 'None'
[0.116s] colcon.colcon_core.verb Level 5 set package 'openvocab_tsdf_node' build argument 'cmake_target' from command line to 'None'
[0.116s] colcon.colcon_core.verb Level 5 set package 'openvocab_tsdf_node' build argument 'cmake_target_skip_unavailable' from command line to 'False'
[0.116s] colcon.colcon_core.verb Level 5 set package 'openvocab_tsdf_node' build argument 'cmake_clean_cache' from command line to 'False'
[0.116s] colcon.colcon_core.verb Level 5 set package 'openvocab_tsdf_node' build argument 'cmake_clean_first' from command line to 'False'
[0.116s] colcon.colcon_core.verb Level 5 set package 'openvocab_tsdf_node' build argument 'cmake_force_configure' from command line to 'False'
[0.116s] colcon.colcon_core.verb Level 5 set package 'openvocab_tsdf_node' build argument 'ament_cmake_args' from command line to 'None'
[0.116s] colcon.colcon_core.verb Level 5 set package 'openvocab_tsdf_node' build argument 'catkin_cmake_args' from command line to 'None'
[0.116s] colcon.colcon_core.verb Level 5 set package 'openvocab_tsdf_node' build argument 'catkin_skip_building_tests' from command line to 'False'
[0.116s] colcon.colcon_core.verb DEBUG Building package 'openvocab_tsdf_node' with the following arguments: {'ament_cmake_args': None, 'build_base': '/home/yusuf/Projects/personal/openvocab-tsdf/ros2_ws/build/openvocab_tsdf_node', 'catkin_cmake_args': None, 'catkin_skip_building_tests': False, 'cmake_args': None, 'cmake_clean_cache': False, 'cmake_clean_first': False, 'cmake_force_configure': False, 'cmake_target': None, 'cmake_target_skip_unavailable': False, 'install_base': '/home/yusuf/Projects/personal/openvocab-tsdf/ros2_ws/install/openvocab_tsdf_node', 'merge_install': False, 'path': '/home/yusuf/Projects/personal/openvocab-tsdf/ros2_ws/src/openvocab_tsdf_node', 'symlink_install': True, 'test_result_base': None}
[0.116s] colcon.colcon_core.executor INFO Executing jobs using 'parallel' executor
[0.117s] colcon.colcon_parallel_executor.executor.parallel DEBUG run_until_complete
[0.117s] colcon.colcon_ros.task.ament_python.build INFO Building ROS package in '/home/yusuf/Projects/personal/openvocab-tsdf/ros2_ws/src/openvocab_tsdf_node' with build type 'ament_python'
[0.117s] colcon.colcon_core.shell Level 1 create_environment_hook('openvocab_tsdf_node', 'ament_prefix_path')
[0.118s] colcon.colcon_core.plugin_system INFO Skipping extension 'colcon_core.shell.bat': Not used on non-Windows systems
[0.118s] colcon.colcon_core.shell INFO Creating environment hook '/home/yusuf/Projects/personal/openvocab-tsdf/ros2_ws/install/openvocab_tsdf_node/share/openvocab_tsdf_node/hook/ament_prefix_path.ps1'
[0.118s] colcon.colcon_core.shell INFO Creating environment descriptor '/home/yusuf/Projects/personal/openvocab-tsdf/ros2_ws/install/openvocab_tsdf_node/share/openvocab_tsdf_node/hook/ament_prefix_path.dsv'
[0.119s] colcon.colcon_core.shell INFO Creating environment hook '/home/yusuf/Projects/personal/openvocab-tsdf/ros2_ws/install/openvocab_tsdf_node/share/openvocab_tsdf_node/hook/ament_prefix_path.sh'
[0.119s] colcon.colcon_core.shell INFO Skip shell extension 'powershell' for command environment: Not usable outside of PowerShell
[0.119s] colcon.colcon_core.shell DEBUG Skip shell extension 'dsv' for command environment
[0.226s] colcon.colcon_core.task.python.build INFO Building Python package in '/home/yusuf/Projects/personal/openvocab-tsdf/ros2_ws/src/openvocab_tsdf_node'
[0.226s] colcon.colcon_core.shell INFO Skip shell extension 'powershell' for command environment: Not usable outside of PowerShell
[0.226s] colcon.colcon_core.shell DEBUG Skip shell extension 'dsv' for command environment
[0.463s] colcon.colcon_core.event_handler.log_command DEBUG Invoking command in '/home/yusuf/Projects/personal/openvocab-tsdf/ros2_ws/build/openvocab_tsdf_node': AMENT_PREFIX_PATH=/home/yusuf/Projects/personal/openvocab-tsdf/ros2_ws/install/openvocab_tsdf_msgs:${AMENT_PREFIX_PATH} CMAKE_PREFIX_PATH=/home/yusuf/Projects/personal/openvocab-tsdf/ros2_ws/install/openvocab_tsdf_msgs:${CMAKE_PREFIX_PATH} LD_LIBRARY_PATH=/home/yusuf/Projects/personal/openvocab-tsdf/ros2_ws/install/openvocab_tsdf_msgs/lib:${LD_LIBRARY_PATH} PYTHONPATH=/home/yusuf/Projects/personal/openvocab-tsdf/ros2_ws/build/openvocab_tsdf_node/prefix_override:/usr/lib/python3/dist-packages/colcon_core/task/python/colcon_distutils_commands:/home/yusuf/Projects/personal/openvocab-tsdf/ros2_ws/install/openvocab_tsdf_node/lib/python3.10/site-packages:/home/yusuf/Projects/personal/openvocab-tsdf/ros2_ws/install/openvocab_tsdf_msgs/local/lib/python3.10/dist-packages:${PYTHONPATH} /usr/bin/python3 -W ignore:setup.py install is deprecated -W ignore:easy_install command is deprecated setup.py develop --editable --build-directory /home/yusuf/Projects/personal/openvocab-tsdf/ros2_ws/build/openvocab_tsdf_node/build --no-deps symlink_data
[0.727s] colcon.colcon_core.shell Level 1 create_environment_hook('openvocab_tsdf_node', 'pythonpath_develop')
[0.728s] colcon.colcon_core.shell INFO Creating environment hook '/home/yusuf/Projects/personal/openvocab-tsdf/ros2_ws/build/openvocab_tsdf_node/share/openvocab_tsdf_node/hook/pythonpath_develop.ps1'
[0.728s] colcon.colcon_core.event_handler.log_command DEBUG Invoked command in '/home/yusuf/Projects/personal/openvocab-tsdf/ros2_ws/build/openvocab_tsdf_node' returned '0': AMENT_PREFIX_PATH=/home/yusuf/Projects/personal/openvocab-tsdf/ros2_ws/install/openvocab_tsdf_msgs:${AMENT_PREFIX_PATH} CMAKE_PREFIX_PATH=/home/yusuf/Projects/personal/openvocab-tsdf/ros2_ws/install/openvocab_tsdf_msgs:${CMAKE_PREFIX_PATH} LD_LIBRARY_PATH=/home/yusuf/Projects/personal/openvocab-tsdf/ros2_ws/install/openvocab_tsdf_msgs/lib:${LD_LIBRARY_PATH} PYTHONPATH=/home/yusuf/Projects/personal/openvocab-tsdf/ros2_ws/build/openvocab_tsdf_node/prefix_override:/usr/lib/python3/dist-packages/colcon_core/task/python/colcon_distutils_commands:/home/yusuf/Projects/personal/openvocab-tsdf/ros2_ws/install/openvocab_tsdf_node/lib/python3.10/site-packages:/home/yusuf/Projects/personal/openvocab-tsdf/ros2_ws/install/openvocab_tsdf_msgs/local/lib/python3.10/dist-packages:${PYTHONPATH} /usr/bin/python3 -W ignore:setup.py install is deprecated -W ignore:easy_install command is deprecated setup.py develop --editable --build-directory /home/yusuf/Projects/personal/openvocab-tsdf/ros2_ws/build/openvocab_tsdf_node/build --no-deps symlink_data
[0.728s] colcon.colcon_core.shell INFO Creating environment descriptor '/home/yusuf/Projects/personal/openvocab-tsdf/ros2_ws/build/openvocab_tsdf_node/share/openvocab_tsdf_node/hook/pythonpath_develop.dsv'
[0.728s] colcon.colcon_core.shell INFO Creating environment hook '/home/yusuf/Projects/personal/openvocab-tsdf/ros2_ws/build/openvocab_tsdf_node/share/openvocab_tsdf_node/hook/pythonpath_develop.sh'
[0.730s] colcon.colcon_core.environment Level 1 checking '/home/yusuf/Projects/personal/openvocab-tsdf/ros2_ws/install/openvocab_tsdf_node' for CMake module files
[0.730s] colcon.colcon_core.environment Level 1 checking '/home/yusuf/Projects/personal/openvocab-tsdf/ros2_ws/install/openvocab_tsdf_node' for CMake config files
[0.730s] colcon.colcon_core.environment Level 1 checking '/home/yusuf/Projects/personal/openvocab-tsdf/ros2_ws/install/openvocab_tsdf_node/lib'
[0.730s] colcon.colcon_core.environment Level 1 checking '/home/yusuf/Projects/personal/openvocab-tsdf/ros2_ws/install/openvocab_tsdf_node/bin'
[0.730s] colcon.colcon_core.environment Level 1 checking '/home/yusuf/Projects/personal/openvocab-tsdf/ros2_ws/install/openvocab_tsdf_node/lib/pkgconfig/openvocab_tsdf_node.pc'
[0.730s] colcon.colcon_core.environment Level 1 checking '/home/yusuf/Projects/personal/openvocab-tsdf/ros2_ws/install/openvocab_tsdf_node/lib/python3.10/site-packages'
[0.730s] colcon.colcon_core.shell Level 1 create_environment_hook('openvocab_tsdf_node', 'pythonpath')
[0.730s] colcon.colcon_core.shell INFO Creating environment hook '/home/yusuf/Projects/personal/openvocab-tsdf/ros2_ws/install/openvocab_tsdf_node/share/openvocab_tsdf_node/hook/pythonpath.ps1'
[0.731s] colcon.colcon_core.shell INFO Creating environment descriptor '/home/yusuf/Projects/personal/openvocab-tsdf/ros2_ws/install/openvocab_tsdf_node/share/openvocab_tsdf_node/hook/pythonpath.dsv'
[0.731s] colcon.colcon_core.shell INFO Creating environment hook '/home/yusuf/Projects/personal/openvocab-tsdf/ros2_ws/install/openvocab_tsdf_node/share/openvocab_tsdf_node/hook/pythonpath.sh'
[0.731s] colcon.colcon_core.environment Level 1 checking '/home/yusuf/Projects/personal/openvocab-tsdf/ros2_ws/install/openvocab_tsdf_node/bin'
[0.731s] colcon.colcon_core.environment Level 1 create_environment_scripts_only(openvocab_tsdf_node)
[0.731s] colcon.colcon_core.shell INFO Creating package script '/home/yusuf/Projects/personal/openvocab-tsdf/ros2_ws/install/openvocab_tsdf_node/share/openvocab_tsdf_node/package.ps1'
[0.731s] colcon.colcon_core.shell INFO Creating package descriptor '/home/yusuf/Projects/personal/openvocab-tsdf/ros2_ws/install/openvocab_tsdf_node/share/openvocab_tsdf_node/package.dsv'
[0.732s] colcon.colcon_core.shell INFO Creating package script '/home/yusuf/Projects/personal/openvocab-tsdf/ros2_ws/install/openvocab_tsdf_node/share/openvocab_tsdf_node/package.sh'
[0.732s] colcon.colcon_core.shell INFO Creating package script '/home/yusuf/Projects/personal/openvocab-tsdf/ros2_ws/install/openvocab_tsdf_node/share/openvocab_tsdf_node/package.bash'
[0.732s] colcon.colcon_core.shell INFO Creating package script '/home/yusuf/Projects/personal/openvocab-tsdf/ros2_ws/install/openvocab_tsdf_node/share/openvocab_tsdf_node/package.zsh'
[0.732s] colcon.colcon_core.environment Level 1 create_file_with_runtime_dependencies(/home/yusuf/Projects/personal/openvocab-tsdf/ros2_ws/install/openvocab_tsdf_node/share/colcon-core/packages/openvocab_tsdf_node)
[0.732s] colcon.colcon_parallel_executor.executor.parallel DEBUG closing loop
[0.733s] colcon.colcon_parallel_executor.executor.parallel DEBUG loop closed
[0.733s] colcon.colcon_parallel_executor.executor.parallel DEBUG run_until_complete finished with '0'
[0.733s] colcon.colcon_core.event_reactor DEBUG joining thread
[0.735s] colcon.colcon_core.plugin_system INFO Skipping extension 'colcon_notification.desktop_notification.terminal_notifier': Not used on non-Darwin systems
[0.735s] colcon.colcon_core.plugin_system INFO Skipping extension 'colcon_notification.desktop_notification.win32': Not used on non-Windows systems
[0.735s] colcon.colcon_notification.desktop_notification INFO Sending desktop notification using 'notify2'
[0.741s] colcon.colcon_core.event_reactor DEBUG joined thread
[0.741s] colcon.colcon_core.shell INFO Creating prefix script '/home/yusuf/Projects/personal/openvocab-tsdf/ros2_ws/install/local_setup.ps1'
[0.742s] colcon.colcon_core.shell INFO Creating prefix util module '/home/yusuf/Projects/personal/openvocab-tsdf/ros2_ws/install/_local_setup_util_ps1.py'
[0.742s] colcon.colcon_core.shell INFO Creating prefix chain script '/home/yusuf/Projects/personal/openvocab-tsdf/ros2_ws/install/setup.ps1'
[0.743s] colcon.colcon_core.shell INFO Creating prefix script '/home/yusuf/Projects/personal/openvocab-tsdf/ros2_ws/install/local_setup.sh'
[0.743s] colcon.colcon_core.shell INFO Creating prefix util module '/home/yusuf/Projects/personal/openvocab-tsdf/ros2_ws/install/_local_setup_util_sh.py'
[0.743s] colcon.colcon_core.shell INFO Creating prefix chain script '/home/yusuf/Projects/personal/openvocab-tsdf/ros2_ws/install/setup.sh'
[0.744s] colcon.colcon_core.shell INFO Creating prefix script '/home/yusuf/Projects/personal/openvocab-tsdf/ros2_ws/install/local_setup.bash'
[0.744s] colcon.colcon_core.shell INFO Creating prefix chain script '/home/yusuf/Projects/personal/openvocab-tsdf/ros2_ws/install/setup.bash'
[0.745s] colcon.colcon_core.shell INFO Creating prefix script '/home/yusuf/Projects/personal/openvocab-tsdf/ros2_ws/install/local_setup.zsh'
[0.745s] colcon.colcon_core.shell INFO Creating prefix chain script '/home/yusuf/Projects/personal/openvocab-tsdf/ros2_ws/install/setup.zsh'
