[0.005s] Invoking command in '/home/yusuf/Projects/personal/openvocab-tsdf/ros2_ws/build/openvocab_tsdf_msgs': CMAKE_PREFIX_PATH=/home/yusuf/ros2_ws/install/go2_yolo_msgs:/home/yusuf/ros2_ws/install/go2_yolo_bringup:/home/yusuf/ros2_ws/install/go2_navigation:/home/yusuf/ros2_ws/install/go2_msgs:/home/yusuf/ros2_ws/install/go2_gait_controller:/home/yusuf/ros2_ws/install/go2_description:/home/yusuf/ros2_ws/install/champ_teleop:/home/yusuf/ros2_ws/install/champ_navigation:/home/yusuf/ros2_ws/install/champ_gazebo:/home/yusuf/ros2_ws/install/champ_bringup:/home/yusuf/ros2_ws/install/champ_base:/home/yusuf/ros2_ws/install/go2_yolo_navigator:/home/yusuf/ros2_ws/install/go2_yolo_detector:/home/yusuf/ros2_ws/install/go2_voice_control:/home/yusuf/ros2_ws/install/go2_bringup:/home/yusuf/ros2_ws/install/go2_voice_commander:/home/yusuf/ros2_ws/install/go2_safety_monitor:/home/yusuf/ros2_ws/install/go2_perception:/home/yusuf/ros2_ws/install/go2_intent_grounding:/home/yusuf/ros2_ws/install/go2_audio_perception:/home/yusuf/ros2_ws/install/go2_audio:/opt/ros/humble:/home/yusuf/ros2_ws/install/champ_msgs:/home/yusuf/ros2_ws/install/champ_description:/home/yusuf/ros2_ws/install/champ_config:/home/yusuf/ros2_ws/install/champ /usr/bin/cmake /home/yusuf/Projects/personal/openvocab-tsdf/ros2_ws/src/openvocab_tsdf_msgs -DAMENT_CMAKE_SYMLINK_INSTALL=1 -DCMAKE_INSTALL_PREFIX=/home/yusuf/Projects/personal/openvocab-tsdf/ros2_ws/install/openvocab_tsdf_msgs
[0.039s] -- The C compiler identification is GNU 11.4.0
[0.063s] -- The CXX compiler identification is GNU 11.4.0
[0.067s] -- Detecting C compiler ABI info
[0.096s] -- Detecting C compiler ABI info - done
[0.099s] -- Check for working C compiler: /usr/bin/cc - skipped
[0.099s] -- Detecting C compile features
[0.100s] -- Detecting C compile features - done
[0.101s] -- Detecting CXX compiler ABI info
[0.134s] -- Detecting CXX compiler ABI info - done
[0.137s] -- Check for working CXX compiler: /usr/bin/c++ - skipped
[0.137s] -- Detecting CXX compile features
[0.138s] -- Detecting CXX compile features - done
[0.141s] -- Found ament_cmake: 1.3.14 (/opt/ros/humble/share/ament_cmake/cmake)
[0.326s] -- Found Python3: /usr/bin/python3 (found version "3.10.12") found components: Interpreter 
[0.373s] -- Override CMake install command with custom implementation using symlinks instead of copying resources
[0.397s] -- Found rosidl_default_generators: 1.2.1 (/opt/ros/humble/share/rosidl_default_generators/cmake)
[0.401s] -- Using all available rosidl_typesupport_c: rosidl_typesupport_fastrtps_c;rosidl_typesupport_introspection_c
[0.406s] -- Found rosidl_adapter: 3.1.8 (/opt/ros/humble/share/rosidl_adapter/cmake)
[0.433s] -- Using all available rosidl_typesupport_cpp: rosidl_typesupport_fastrtps_cpp;rosidl_typesupport_introspection_cpp
[0.455s] -- Found geometry_msgs: 4.9.1 (/opt/ros/humble/share/geometry_msgs/cmake)
[0.642s] -- Found ament_cmake_ros: 0.10.0 (/opt/ros/humble/share/ament_cmake_ros/cmake)
[0.774s] -- Using all available rosidl_typesupport_c: rosidl_typesupport_fastrtps_c;rosidl_typesupport_introspection_c
[0.944s] -- Using all available rosidl_typesupport_cpp: rosidl_typesupport_fastrtps_cpp;rosidl_typesupport_introspection_cpp
[0.958s] -- Found PythonInterp: /usr/bin/python3 (found suitable version "3.10.12", minimum required is "3.6") 
[0.960s] -- Found python_cmake_module: 0.10.0 (/opt/ros/humble/share/python_cmake_module/cmake)
[0.976s] -- Found PythonLibs: /usr/lib/x86_64-linux-gnu/libpython3.10.so (found suitable version "3.10.12", minimum required is "3.5") 
[0.977s] -- Using PYTHON_EXECUTABLE: /usr/bin/python3
[0.977s] -- Using PYTHON_INCLUDE_DIRS: /usr/include/python3.10
[0.977s] -- Using PYTHON_LIBRARIES: /usr/lib/x86_64-linux-gnu/libpython3.10.so
[0.991s] -- Found PythonExtra: .so  
[1.074s] -- Configuring done
[1.088s] -- Generating done
[1.092s] -- Build files have been written to: /home/yusuf/Projects/personal/openvocab-tsdf/ros2_ws/build/openvocab_tsdf_msgs
[1.097s] Invoked command in '/home/yusuf/Projects/personal/openvocab-tsdf/ros2_ws/build/openvocab_tsdf_msgs' returned '0': CMAKE_PREFIX_PATH=/home/yusuf/ros2_ws/install/go2_yolo_msgs:/home/yusuf/ros2_ws/install/go2_yolo_bringup:/home/yusuf/ros2_ws/install/go2_navigation:/home/yusuf/ros2_ws/install/go2_msgs:/home/yusuf/ros2_ws/install/go2_gait_controller:/home/yusuf/ros2_ws/install/go2_description:/home/yusuf/ros2_ws/install/champ_teleop:/home/yusuf/ros2_ws/install/champ_navigation:/home/yusuf/ros2_ws/install/champ_gazebo:/home/yusuf/ros2_ws/install/champ_bringup:/home/yusuf/ros2_ws/install/champ_base:/home/yusuf/ros2_ws/install/go2_yolo_navigator:/home/yusuf/ros2_ws/install/go2_yolo_detector:/home/yusuf/ros2_ws/install/go2_voice_control:/home/yusuf/ros2_ws/install/go2_bringup:/home/yusuf/ros2_ws/install/go2_voice_commander:/home/yusuf/ros2_ws/install/go2_safety_monitor:/home/yusuf/ros2_ws/install/go2_perception:/home/yusuf/ros2_ws/install/go2_intent_grounding:/home/yusuf/ros2_ws/install/go2_audio_perception:/home/yusuf/ros2_ws/install/go2_audio:/opt/ros/humble:/home/yusuf/ros2_ws/install/champ_msgs:/home/yusuf/ros2_ws/install/champ_description:/home/yusuf/ros2_ws/install/champ_config:/home/yusuf/ros2_ws/install/champ /usr/bin/cmake /home/yusuf/Projects/personal/openvocab-tsdf/ros2_ws/src/openvocab_tsdf_msgs -DAMENT_CMAKE_SYMLINK_INSTALL=1 -DCMAKE_INSTALL_PREFIX=/home/yusuf/Projects/personal/openvocab-tsdf/ros2_ws/install/openvocab_tsdf_msgs
[1.097s] Invoking command in '/home/yusuf/Projects/personal/openvocab-tsdf/ros2_ws/build/openvocab_tsdf_msgs': CMAKE_PREFIX_PATH=/home/yusuf/ros2_ws/install/go2_yolo_msgs:/home/yusuf/ros2_ws/install/go2_yolo_bringup:/home/yusuf/ros2_ws/install/go2_navigation:/home/yusuf/ros2_ws/install/go2_msgs:/home/yusuf/ros2_ws/install/go2_gait_controller:/home/yusuf/ros2_ws/install/go2_description:/home/yusuf/ros2_ws/install/champ_teleop:/home/yusuf/ros2_ws/install/champ_navigation:/home/yusuf/ros2_ws/install/champ_gazebo:/home/yusuf/ros2_ws/install/champ_bringup:/home/yusuf/ros2_ws/install/champ_base:/home/yusuf/ros2_ws/install/go2_yolo_navigator:/home/yusuf/ros2_ws/install/go2_yolo_detector:/home/yusuf/ros2_ws/install/go2_voice_control:/home/yusuf/ros2_ws/install/go2_bringup:/home/yusuf/ros2_ws/install/go2_voice_commander:/home/yusuf/ros2_ws/install/go2_safety_monitor:/home/yusuf/ros2_ws/install/go2_perception:/home/yusuf/ros2_ws/install/go2_intent_grounding:/home/yusuf/ros2_ws/install/go2_audio_perception:/home/yusuf/ros2_ws/install/go2_audio:/opt/ros/humble:/home/yusuf/ros2_ws/install/champ_msgs:/home/yusuf/ros2_ws/install/champ_description:/home/yusuf/ros2_ws/install/champ_config:/home/yusuf/ros2_ws/install/champ /usr/bin/cmake --build /home/yusuf/Projects/personal/openvocab-tsdf/ros2_ws/build/openvocab_tsdf_msgs -- -j24 -l24
[1.116s] [  2%] Generating C code for ROS interfaces
[1.119s] [  5%] Generating Rust code for ROS interfaces
[1.120s] [  7%] Generating C++ code for ROS interfaces
[1.123s] [  7%] Built target ament_cmake_python_symlink_openvocab_tsdf_msgs
[1.218s] running egg_info
[1.218s] creating openvocab_tsdf_msgs.egg-info
[1.224s] writing openvocab_tsdf_msgs.egg-info/PKG-INFO
[1.224s] writing dependency_links to openvocab_tsdf_msgs.egg-info/dependency_links.txt
[1.224s] writing top-level names to openvocab_tsdf_msgs.egg-info/top_level.txt
[1.224s] writing manifest file 'openvocab_tsdf_msgs.egg-info/SOURCES.txt'
[1.242s] reading manifest file 'openvocab_tsdf_msgs.egg-info/SOURCES.txt'
[1.242s] writing manifest file 'openvocab_tsdf_msgs.egg-info/SOURCES.txt'
[1.256s] [  7%] Built target ament_cmake_python_build_openvocab_tsdf_msgs_egg
[1.270s] [  7%] Built target openvocab_tsdf_msgs__rs
[1.289s] [ 10%] Building C object CMakeFiles/openvocab_tsdf_msgs__rosidl_generator_c.dir/rosidl_generator_c/openvocab_tsdf_msgs/srv/detail/ground_text__functions.c.o
[1.289s] [ 12%] Building C object CMakeFiles/openvocab_tsdf_msgs__rosidl_generator_c.dir/rosidl_generator_c/openvocab_tsdf_msgs/msg/detail/grounding_target__functions.c.o
[1.292s] [ 12%] Built target openvocab_tsdf_msgs__cpp
[1.296s] [ 17%] Generating C++ type support dispatch for ROS interfaces
[1.296s] [ 17%] Generating C++ type support for eProsima Fast-RTPS
[1.296s] [ 20%] Generating C++ introspection for ROS interfaces
[1.316s] [ 22%] Linking C shared library libopenvocab_tsdf_msgs__rosidl_generator_c.so
[1.333s] [ 22%] Built target openvocab_tsdf_msgs__rosidl_generator_c
[1.337s] [ 25%] Generating C type support for eProsima Fast-RTPS
[1.337s] [ 27%] Generating C introspection for ROS interfaces
[1.337s] [ 30%] Generating C type support dispatch for ROS interfaces
[1.450s] [ 32%] Building CXX object CMakeFiles/openvocab_tsdf_msgs__rosidl_typesupport_cpp.dir/rosidl_typesupport_cpp/openvocab_tsdf_msgs/msg/grounding_target__type_support.cpp.o
[1.450s] [ 35%] Building CXX object CMakeFiles/openvocab_tsdf_msgs__rosidl_typesupport_cpp.dir/rosidl_typesupport_cpp/openvocab_tsdf_msgs/srv/ground_text__type_support.cpp.o
[1.456s] [ 40%] Building CXX object CMakeFiles/openvocab_tsdf_msgs__rosidl_typesupport_introspection_cpp.dir/rosidl_typesupport_introspection_cpp/openvocab_tsdf_msgs/srv/detail/ground_text__type_support.cpp.o
[1.456s] [ 40%] Building CXX object CMakeFiles/openvocab_tsdf_msgs__rosidl_typesupport_introspection_cpp.dir/rosidl_typesupport_introspection_cpp/openvocab_tsdf_msgs/msg/detail/grounding_target__type_support.cpp.o
[1.467s] [ 42%] Building CXX object CMakeFiles/openvocab_tsdf_msgs__rosidl_typesupport_fastrtps_cpp.dir/rosidl_typesupport_fastrtps_cpp/openvocab_tsdf_msgs/msg/detail/dds_fastrtps/grounding_target__type_support.cpp.o
[1.467s] [ 45%] Building CXX object CMakeFiles/openvocab_tsdf_msgs__rosidl_typesupport_fastrtps_cpp.dir/rosidl_typesupport_fastrtps_cpp/openvocab_tsdf_msgs/srv/detail/dds_fastrtps/ground_text__type_support.cpp.o
[1.491s] [ 50%] Building CXX object CMakeFiles/openvocab_tsdf_msgs__rosidl_typesupport_c.dir/rosidl_typesupport_c/openvocab_tsdf_msgs/msg/grounding_target__type_support.cpp.o
[1.491s] [ 50%] Building CXX object CMakeFiles/openvocab_tsdf_msgs__rosidl_typesupport_c.dir/rosidl_typesupport_c/openvocab_tsdf_msgs/srv/ground_text__type_support.cpp.o
[1.503s] [ 52%] Building C object CMakeFiles/openvocab_tsdf_msgs__rosidl_typesupport_introspection_c.dir/rosidl_typesupport_introspection_c/openvocab_tsdf_msgs/srv/detail/ground_text__type_support.c.o
[1.503s] [ 55%] Building C object CMakeFiles/openvocab_tsdf_msgs__rosidl_typesupport_introspection_c.dir/rosidl_typesupport_introspection_c/openvocab_tsdf_msgs/msg/detail/grounding_target__type_support.c.o
[1.504s] [ 57%] Linking CXX shared library libopenvocab_tsdf_msgs__rosidl_typesupport_c.so
[1.508s] [ 62%] Building CXX object CMakeFiles/openvocab_tsdf_msgs__rosidl_typesupport_fastrtps_c.dir/rosidl_typesupport_fastrtps_c/openvocab_tsdf_msgs/srv/detail/ground_text__type_support_c.cpp.o
[1.508s] [ 60%] Building CXX object CMakeFiles/openvocab_tsdf_msgs__rosidl_typesupport_fastrtps_c.dir/rosidl_typesupport_fastrtps_c/openvocab_tsdf_msgs/msg/detail/grounding_target__type_support_c.cpp.o
[1.522s] [ 62%] Built target openvocab_tsdf_msgs__rosidl_typesupport_c
[1.523s] [ 65%] Linking C shared library libopenvocab_tsdf_msgs__rosidl_typesupport_introspection_c.so
[1.535s] [ 65%] Built target openvocab_tsdf_msgs__rosidl_typesupport_introspection_c
[1.560s] [ 67%] Linking CXX shared library libopenvocab_tsdf_msgs__rosidl_typesupport_cpp.so
[1.578s] [ 67%] Built target openvocab_tsdf_msgs__rosidl_typesupport_cpp
[1.621s] [ 70%] Linking CXX shared library libopenvocab_tsdf_msgs__rosidl_typesupport_introspection_cpp.so
[1.638s] [ 72%] Linking CXX shared library libopenvocab_tsdf_msgs__rosidl_typesupport_fastrtps_cpp.so
[1.641s] [ 75%] Linking CXX shared library libopenvocab_tsdf_msgs__rosidl_typesupport_fastrtps_c.so
[1.652s] [ 75%] Built target openvocab_tsdf_msgs__rosidl_typesupport_introspection_cpp
[1.667s] [ 75%] Built target openvocab_tsdf_msgs__rosidl_typesupport_fastrtps_cpp
[1.670s] [ 75%] Built target openvocab_tsdf_msgs__rosidl_typesupport_fastrtps_c
[1.679s] [ 75%] Built target openvocab_tsdf_msgs
[1.686s] [ 77%] Generating Python code for ROS interfaces
[1.930s] [ 77%] Built target openvocab_tsdf_msgs__py
[1.937s] [ 80%] Building C object CMakeFiles/openvocab_tsdf_msgs__rosidl_generator_py.dir/rosidl_generator_py/openvocab_tsdf_msgs/msg/_grounding_target_s.c.o
[1.937s] [ 82%] Building C object CMakeFiles/openvocab_tsdf_msgs__rosidl_generator_py.dir/rosidl_generator_py/openvocab_tsdf_msgs/srv/_ground_text_s.c.o
[1.981s] [ 85%] Linking C shared library rosidl_generator_py/openvocab_tsdf_msgs/libopenvocab_tsdf_msgs__rosidl_generator_py.so
[1.999s] [ 85%] Built target openvocab_tsdf_msgs__rosidl_generator_py
[2.008s] [ 87%] Building C object CMakeFiles/openvocab_tsdf_msgs__rosidl_typesupport_fastrtps_c__pyext.dir/rosidl_generator_py/openvocab_tsdf_msgs/_openvocab_tsdf_msgs_s.ep.rosidl_typesupport_fastrtps_c.c.o
[2.008s] [ 90%] Building C object CMakeFiles/openvocab_tsdf_msgs__rosidl_typesupport_c__pyext.dir/rosidl_generator_py/openvocab_tsdf_msgs/_openvocab_tsdf_msgs_s.ep.rosidl_typesupport_c.c.o
[2.009s] [ 92%] Building C object CMakeFiles/openvocab_tsdf_msgs__rosidl_typesupport_introspection_c__pyext.dir/rosidl_generator_py/openvocab_tsdf_msgs/_openvocab_tsdf_msgs_s.ep.rosidl_typesupport_introspection_c.c.o
[2.048s] [ 95%] Linking C shared library rosidl_generator_py/openvocab_tsdf_msgs/openvocab_tsdf_msgs_s__rosidl_typesupport_introspection_c.cpython-310-x86_64-linux-gnu.so
[2.049s] [100%] Linking C shared library rosidl_generator_py/openvocab_tsdf_msgs/openvocab_tsdf_msgs_s__rosidl_typesupport_c.cpython-310-x86_64-linux-gnu.so
[2.049s] [100%] Linking C shared library rosidl_generator_py/openvocab_tsdf_msgs/openvocab_tsdf_msgs_s__rosidl_typesupport_fastrtps_c.cpython-310-x86_64-linux-gnu.so
[2.064s] [100%] Built target openvocab_tsdf_msgs__rosidl_typesupport_fastrtps_c__pyext
[2.065s] [100%] Built target openvocab_tsdf_msgs__rosidl_typesupport_c__pyext
[2.065s] [100%] Built target openvocab_tsdf_msgs__rosidl_typesupport_introspection_c__pyext
[2.070s] Invoked command in '/home/yusuf/Projects/personal/openvocab-tsdf/ros2_ws/build/openvocab_tsdf_msgs' returned '0': CMAKE_PREFIX_PATH=/home/yusuf/ros2_ws/install/go2_yolo_msgs:/home/yusuf/ros2_ws/install/go2_yolo_bringup:/home/yusuf/ros2_ws/install/go2_navigation:/home/yusuf/ros2_ws/install/go2_msgs:/home/yusuf/ros2_ws/install/go2_gait_controller:/home/yusuf/ros2_ws/install/go2_description:/home/yusuf/ros2_ws/install/champ_teleop:/home/yusuf/ros2_ws/install/champ_navigation:/home/yusuf/ros2_ws/install/champ_gazebo:/home/yusuf/ros2_ws/install/champ_bringup:/home/yusuf/ros2_ws/install/champ_base:/home/yusuf/ros2_ws/install/go2_yolo_navigator:/home/yusuf/ros2_ws/install/go2_yolo_detector:/home/yusuf/ros2_ws/install/go2_voice_control:/home/yusuf/ros2_ws/install/go2_bringup:/home/yusuf/ros2_ws/install/go2_voice_commander:/home/yusuf/ros2_ws/install/go2_safety_monitor:/home/yusuf/ros2_ws/install/go2_perception:/home/yusuf/ros2_ws/install/go2_intent_grounding:/home/yusuf/ros2_ws/install/go2_audio_perception:/home/yusuf/ros2_ws/install/go2_audio:/opt/ros/humble:/home/yusuf/ros2_ws/install/champ_msgs:/home/yusuf/ros2_ws/install/champ_description:/home/yusuf/ros2_ws/install/champ_config:/home/yusuf/ros2_ws/install/champ /usr/bin/cmake --build /home/yusuf/Projects/personal/openvocab-tsdf/ros2_ws/build/openvocab_tsdf_msgs -- -j24 -l24
[2.074s] Invoking command in '/home/yusuf/Projects/personal/openvocab-tsdf/ros2_ws/build/openvocab_tsdf_msgs': CMAKE_PREFIX_PATH=/home/yusuf/ros2_ws/install/go2_yolo_msgs:/home/yusuf/ros2_ws/install/go2_yolo_bringup:/home/yusuf/ros2_ws/install/go2_navigation:/home/yusuf/ros2_ws/install/go2_msgs:/home/yusuf/ros2_ws/install/go2_gait_controller:/home/yusuf/ros2_ws/install/go2_description:/home/yusuf/ros2_ws/install/champ_teleop:/home/yusuf/ros2_ws/install/champ_navigation:/home/yusuf/ros2_ws/install/champ_gazebo:/home/yusuf/ros2_ws/install/champ_bringup:/home/yusuf/ros2_ws/install/champ_base:/home/yusuf/ros2_ws/install/go2_yolo_navigator:/home/yusuf/ros2_ws/install/go2_yolo_detector:/home/yusuf/ros2_ws/install/go2_voice_control:/home/yusuf/ros2_ws/install/go2_bringup:/home/yusuf/ros2_ws/install/go2_voice_commander:/home/yusuf/ros2_ws/install/go2_safety_monitor:/home/yusuf/ros2_ws/install/go2_perception:/home/yusuf/ros2_ws/install/go2_intent_grounding:/home/yusuf/ros2_ws/install/go2_audio_perception:/home/yusuf/ros2_ws/install/go2_audio:/opt/ros/humble:/home/yusuf/ros2_ws/install/champ_msgs:/home/yusuf/ros2_ws/install/champ_description:/home/yusuf/ros2_ws/install/champ_config:/home/yusuf/ros2_ws/install/champ /usr/bin/cmake --install /home/yusuf/Projects/personal/openvocab-tsdf/ros2_ws/build/openvocab_tsdf_msgs
[2.076s] -- Install configuration: ""
[2.077s] -- Execute custom install script
[2.077s] -- Symlinking: /home/yusuf/Projects/personal/openvocab-tsdf/ros2_ws/install/openvocab_tsdf_msgs/share/ament_index/resource_index/rosidl_interfaces/openvocab_tsdf_msgs
[2.080s] -- Symlinking: /home/yusuf/Projects/personal/openvocab-tsdf/ros2_ws/install/openvocab_tsdf_msgs/include/openvocab_tsdf_msgs/openvocab_tsdf_msgs/msg/detail/grounding_target__functions.h
[2.084s] -- Symlinking: /home/yusuf/Projects/personal/openvocab-tsdf/ros2_ws/install/openvocab_tsdf_msgs/include/openvocab_tsdf_msgs/openvocab_tsdf_msgs/msg/detail/grounding_target__struct.h
[2.087s] -- Symlinking: /home/yusuf/Projects/personal/openvocab-tsdf/ros2_ws/install/openvocab_tsdf_msgs/include/openvocab_tsdf_msgs/openvocab_tsdf_msgs/msg/detail/grounding_target__type_support.h
[2.090s] -- Symlinking: /home/yusuf/Projects/personal/openvocab-tsdf/ros2_ws/install/openvocab_tsdf_msgs/include/openvocab_tsdf_msgs/openvocab_tsdf_msgs/msg/grounding_target.h
[2.093s] -- Symlinking: /home/yusuf/Projects/personal/openvocab-tsdf/ros2_ws/install/openvocab_tsdf_msgs/include/openvocab_tsdf_msgs/openvocab_tsdf_msgs/msg/rosidl_generator_c__visibility_control.h
[2.096s] -- Symlinking: /home/yusuf/Projects/personal/openvocab-tsdf/ros2_ws/install/openvocab_tsdf_msgs/include/openvocab_tsdf_msgs/openvocab_tsdf_msgs/srv/detail/ground_text__functions.h
[2.099s] -- Symlinking: /home/yusuf/Projects/personal/openvocab-tsdf/ros2_ws/install/openvocab_tsdf_msgs/include/openvocab_tsdf_msgs/openvocab_tsdf_msgs/srv/detail/ground_text__struct.h
[2.102s] -- Symlinking: /home/yusuf/Projects/personal/openvocab-tsdf/ros2_ws/install/openvocab_tsdf_msgs/include/openvocab_tsdf_msgs/openvocab_tsdf_msgs/srv/detail/ground_text__type_support.h
[2.105s] -- Symlinking: /home/yusuf/Projects/personal/openvocab-tsdf/ros2_ws/install/openvocab_tsdf_msgs/include/openvocab_tsdf_msgs/openvocab_tsdf_msgs/srv/ground_text.h
[2.108s] -- Symlinking: /home/yusuf/Projects/personal/openvocab-tsdf/ros2_ws/install/openvocab_tsdf_msgs/share/openvocab_tsdf_msgs/environment/library_path.sh
[2.111s] -- Symlinking: /home/yusuf/Projects/personal/openvocab-tsdf/ros2_ws/install/openvocab_tsdf_msgs/share/openvocab_tsdf_msgs/environment/library_path.dsv
[2.114s] -- Symlinking: /home/yusuf/Projects/personal/openvocab-tsdf/ros2_ws/install/openvocab_tsdf_msgs/include/openvocab_tsdf_msgs/openvocab_tsdf_msgs/msg/detail/grounding_target__rosidl_typesupport_fastrtps_c.h
[2.117s] -- Symlinking: /home/yusuf/Projects/personal/openvocab-tsdf/ros2_ws/install/openvocab_tsdf_msgs/include/openvocab_tsdf_msgs/openvocab_tsdf_msgs/msg/rosidl_typesupport_fastrtps_c__visibility_control.h
[2.120s] -- Symlinking: /home/yusuf/Projects/personal/openvocab-tsdf/ros2_ws/install/openvocab_tsdf_msgs/include/openvocab_tsdf_msgs/openvocab_tsdf_msgs/srv/detail/ground_text__rosidl_typesupport_fastrtps_c.h
[2.123s] -- Symlinking: /home/yusuf/Projects/personal/openvocab-tsdf/ros2_ws/install/openvocab_tsdf_msgs/include/openvocab_tsdf_msgs/openvocab_tsdf_msgs/msg/detail/grounding_target__rosidl_typesupport_introspection_c.h
[2.126s] -- Symlinking: /home/yusuf/Projects/personal/openvocab-tsdf/ros2_ws/install/openvocab_tsdf_msgs/include/openvocab_tsdf_msgs/openvocab_tsdf_msgs/msg/rosidl_typesupport_introspection_c__visibility_control.h
[2.128s] -- Symlinking: /home/yusuf/Projects/personal/openvocab-tsdf/ros2_ws/install/openvocab_tsdf_msgs/include/openvocab_tsdf_msgs/openvocab_tsdf_msgs/srv/detail/ground_text__rosidl_typesupport_introspection_c.h
[2.131s] -- Symlinking: /home/yusuf/Projects/personal/openvocab-tsdf/ros2_ws/install/openvocab_tsdf_msgs/include/openvocab_tsdf_msgs/openvocab_tsdf_msgs/msg/detail/grounding_target__builder.hpp
[2.134s] -- Symlinking: /home/yusuf/Projects/personal/openvocab-tsdf/ros2_ws/install/openvocab_tsdf_msgs/include/openvocab_tsdf_msgs/openvocab_tsdf_msgs/msg/detail/grounding_target__struct.hpp
[2.138s] -- Symlinking: /home/yusuf/Projects/personal/openvocab-tsdf/ros2_ws/install/openvocab_tsdf_msgs/include/openvocab_tsdf_msgs/openvocab_tsdf_msgs/msg/detail/grounding_target__traits.hpp
[2.141s] -- Symlinking: /home/yusuf/Projects/personal/openvocab-tsdf/ros2_ws/install/openvocab_tsdf_msgs/include/openvocab_tsdf_msgs/openvocab_tsdf_msgs/msg/detail/grounding_target__type_support.hpp
[2.145s] -- Symlinking: /home/yusuf/Projects/personal/openvocab-tsdf/ros2_ws/install/openvocab_tsdf_msgs/include/openvocab_tsdf_msgs/openvocab_tsdf_msgs/msg/grounding_target.hpp
[2.148s] -- Symlinking: /home/yusuf/Projects/personal/openvocab-tsdf/ros2_ws/install/openvocab_tsdf_msgs/include/openvocab_tsdf_msgs/openvocab_tsdf_msgs/msg/rosidl_generator_cpp__visibility_control.hpp
[2.151s] -- Symlinking: /home/yusuf/Projects/personal/openvocab-tsdf/ros2_ws/install/openvocab_tsdf_msgs/include/openvocab_tsdf_msgs/openvocab_tsdf_msgs/srv/detail/ground_text__builder.hpp
[2.155s] -- Symlinking: /home/yusuf/Projects/personal/openvocab-tsdf/ros2_ws/install/openvocab_tsdf_msgs/include/openvocab_tsdf_msgs/openvocab_tsdf_msgs/srv/detail/ground_text__struct.hpp
[2.158s] -- Symlinking: /home/yusuf/Projects/personal/openvocab-tsdf/ros2_ws/install/openvocab_tsdf_msgs/include/openvocab_tsdf_msgs/openvocab_tsdf_msgs/srv/detail/ground_text__traits.hpp
[2.161s] -- Symlinking: /home/yusuf/Projects/personal/openvocab-tsdf/ros2_ws/install/openvocab_tsdf_msgs/include/openvocab_tsdf_msgs/openvocab_tsdf_msgs/srv/detail/ground_text__type_support.hpp
[2.164s] -- Symlinking: /home/yusuf/Projects/personal/openvocab-tsdf/ros2_ws/install/openvocab_tsdf_msgs/include/openvocab_tsdf_msgs/openvocab_tsdf_msgs/srv/ground_text.hpp
[2.167s] -- Symlinking: /home/yusuf/Projects/personal/openvocab-tsdf/ros2_ws/install/openvocab_tsdf_msgs/include/openvocab_tsdf_msgs/openvocab_tsdf_msgs/msg/detail/grounding_target__rosidl_typesupport_fastrtps_cpp.hpp
[2.170s] -- Symlinking: /home/yusuf/Projects/personal/openvocab-tsdf/ros2_ws/install/openvocab_tsdf_msgs/include/openvocab_tsdf_msgs/openvocab_tsdf_msgs/msg/rosidl_typesupport_fastrtps_cpp__visibility_control.h
[2.173s] -- Symlinking: /home/yusuf/Projects/personal/openvocab-tsdf/ros2_ws/install/openvocab_tsdf_msgs/include/openvocab_tsdf_msgs/openvocab_tsdf_msgs/srv/detail/ground_text__rosidl_typesupport_fastrtps_cpp.hpp
[2.176s] -- Symlinking: /home/yusuf/Projects/personal/openvocab-tsdf/ros2_ws/install/openvocab_tsdf_msgs/include/openvocab_tsdf_msgs/openvocab_tsdf_msgs/msg/detail/grounding_target__rosidl_typesupport_introspection_cpp.hpp
[2.180s] -- Symlinking: /home/yusuf/Projects/personal/openvocab-tsdf/ros2_ws/install/openvocab_tsdf_msgs/include/openvocab_tsdf_msgs/openvocab_tsdf_msgs/srv/detail/ground_text__rosidl_typesupport_introspection_cpp.hpp
[2.183s] -- Symlinking: /home/yusuf/Projects/personal/openvocab-tsdf/ros2_ws/install/openvocab_tsdf_msgs/share/openvocab_tsdf_msgs/environment/pythonpath.sh
[2.186s] -- Symlinking: /home/yusuf/Projects/personal/openvocab-tsdf/ros2_ws/install/openvocab_tsdf_msgs/share/openvocab_tsdf_msgs/environment/pythonpath.dsv
[2.189s] -- Symlinking: /home/yusuf/Projects/personal/openvocab-tsdf/ros2_ws/install/openvocab_tsdf_msgs/local/lib/python3.10/dist-packages/openvocab_tsdf_msgs-0.1.0-py3.10.egg-info/PKG-INFO
[2.193s] -- Symlinking: /home/yusuf/Projects/personal/openvocab-tsdf/ros2_ws/install/openvocab_tsdf_msgs/local/lib/python3.10/dist-packages/openvocab_tsdf_msgs-0.1.0-py3.10.egg-info/SOURCES.txt
[2.196s] -- Symlinking: /home/yusuf/Projects/personal/openvocab-tsdf/ros2_ws/install/openvocab_tsdf_msgs/local/lib/python3.10/dist-packages/openvocab_tsdf_msgs-0.1.0-py3.10.egg-info/dependency_links.txt
[2.199s] -- Symlinking: /home/yusuf/Projects/personal/openvocab-tsdf/ros2_ws/install/openvocab_tsdf_msgs/local/lib/python3.10/dist-packages/openvocab_tsdf_msgs-0.1.0-py3.10.egg-info/top_level.txt
[2.202s] -- Symlinking: /home/yusuf/Projects/personal/openvocab-tsdf/ros2_ws/install/openvocab_tsdf_msgs/local/lib/python3.10/dist-packages/openvocab_tsdf_msgs/__init__.py
[2.205s] -- Symlinking: /home/yusuf/Projects/personal/openvocab-tsdf/ros2_ws/install/openvocab_tsdf_msgs/local/lib/python3.10/dist-packages/openvocab_tsdf_msgs/_openvocab_tsdf_msgs_s.ep.rosidl_typesupport_c.c
[2.208s] -- Symlinking: /home/yusuf/Projects/personal/openvocab-tsdf/ros2_ws/install/openvocab_tsdf_msgs/local/lib/python3.10/dist-packages/openvocab_tsdf_msgs/_openvocab_tsdf_msgs_s.ep.rosidl_typesupport_fastrtps_c.c
[2.212s] -- Symlinking: /home/yusuf/Projects/personal/openvocab-tsdf/ros2_ws/install/openvocab_tsdf_msgs/local/lib/python3.10/dist-packages/openvocab_tsdf_msgs/_openvocab_tsdf_msgs_s.ep.rosidl_typesupport_introspection_c.c
[2.216s] -- Symlinking: /home/yusuf/Projects/personal/openvocab-tsdf/ros2_ws/install/openvocab_tsdf_msgs/local/lib/python3.10/dist-packages/openvocab_tsdf_msgs/libopenvocab_tsdf_msgs__rosidl_generator_py.so
[2.219s] -- Symlinking: /home/yusuf/Projects/personal/openvocab-tsdf/ros2_ws/install/openvocab_tsdf_msgs/local/lib/python3.10/dist-packages/openvocab_tsdf_msgs/msg/__init__.py
[2.222s] -- Symlinking: /home/yusuf/Projects/personal/openvocab-tsdf/ros2_ws/install/openvocab_tsdf_msgs/local/lib/python3.10/dist-packages/openvocab_tsdf_msgs/msg/_grounding_target.py
[2.225s] -- Symlinking: /home/yusuf/Projects/personal/openvocab-tsdf/ros2_ws/install/openvocab_tsdf_msgs/local/lib/python3.10/dist-packages/openvocab_tsdf_msgs/msg/_grounding_target_s.c
[2.228s] -- Symlinking: /home/yusuf/Projects/personal/openvocab-tsdf/ros2_ws/install/openvocab_tsdf_msgs/local/lib/python3.10/dist-packages/openvocab_tsdf_msgs/openvocab_tsdf_msgs_s__rosidl_typesupport_c.cpython-310-x86_64-linux-gnu.so
[2.231s] -- Symlinking: /home/yusuf/Projects/personal/openvocab-tsdf/ros2_ws/install/openvocab_tsdf_msgs/local/lib/python3.10/dist-packages/openvocab_tsdf_msgs/openvocab_tsdf_msgs_s__rosidl_typesupport_fastrtps_c.cpython-310-x86_64-linux-gnu.so
[2.234s] -- Symlinking: /home/yusuf/Projects/personal/openvocab-tsdf/ros2_ws/install/openvocab_tsdf_msgs/local/lib/python3.10/dist-packages/openvocab_tsdf_msgs/openvocab_tsdf_msgs_s__rosidl_typesupport_introspection_c.cpython-310-x86_64-linux-gnu.so
[2.238s] -- Symlinking: /home/yusuf/Projects/personal/openvocab-tsdf/ros2_ws/install/openvocab_tsdf_msgs/local/lib/python3.10/dist-packages/openvocab_tsdf_msgs/srv/__init__.py
[2.242s] -- Symlinking: /home/yusuf/Projects/personal/openvocab-tsdf/ros2_ws/install/openvocab_tsdf_msgs/local/lib/python3.10/dist-packages/openvocab_tsdf_msgs/srv/_ground_text.py
[2.245s] -- Symlinking: /home/yusuf/Projects/personal/openvocab-tsdf/ros2_ws/install/openvocab_tsdf_msgs/local/lib/python3.10/dist-packages/openvocab_tsdf_msgs/srv/_ground_text_s.c
[2.248s] -- Up-to-date symlink: /home/yusuf/Projects/personal/openvocab-tsdf/ros2_ws/install/openvocab_tsdf_msgs/local/lib/python3.10/dist-packages/openvocab_tsdf_msgs/openvocab_tsdf_msgs_s__rosidl_typesupport_fastrtps_c.cpython-310-x86_64-linux-gnu.so
[2.248s] -- Up-to-date symlink: /home/yusuf/Projects/personal/openvocab-tsdf/ros2_ws/install/openvocab_tsdf_msgs/local/lib/python3.10/dist-packages/openvocab_tsdf_msgs/openvocab_tsdf_msgs_s__rosidl_typesupport_introspection_c.cpython-310-x86_64-linux-gnu.so
[2.248s] -- Up-to-date symlink: /home/yusuf/Projects/personal/openvocab-tsdf/ros2_ws/install/openvocab_tsdf_msgs/local/lib/python3.10/dist-packages/openvocab_tsdf_msgs/openvocab_tsdf_msgs_s__rosidl_typesupport_c.cpython-310-x86_64-linux-gnu.so
[2.248s] -- Symlinking: /home/yusuf/Projects/personal/openvocab-tsdf/ros2_ws/install/openvocab_tsdf_msgs/share/ament_index/resource_index/rust_packages/openvocab_tsdf_msgs
[2.251s] -- Symlinking: /home/yusuf/Projects/personal/openvocab-tsdf/ros2_ws/install/openvocab_tsdf_msgs/share/openvocab_tsdf_msgs/rust/Cargo.toml
[2.254s] -- Symlinking: /home/yusuf/Projects/personal/openvocab-tsdf/ros2_ws/install/openvocab_tsdf_msgs/share/openvocab_tsdf_msgs/rust/build.rs
[2.257s] -- Symlinking: /home/yusuf/Projects/personal/openvocab-tsdf/ros2_ws/install/openvocab_tsdf_msgs/share/openvocab_tsdf_msgs/rust/src/lib.rs
[2.260s] -- Symlinking: /home/yusuf/Projects/personal/openvocab-tsdf/ros2_ws/install/openvocab_tsdf_msgs/share/openvocab_tsdf_msgs/rust/src/msg.rs
[2.263s] -- Symlinking: /home/yusuf/Projects/personal/openvocab-tsdf/ros2_ws/install/openvocab_tsdf_msgs/share/openvocab_tsdf_msgs/rust/src/msg/rmw.rs
[2.266s] -- Symlinking: /home/yusuf/Projects/personal/openvocab-tsdf/ros2_ws/install/openvocab_tsdf_msgs/share/openvocab_tsdf_msgs/rust/src/srv.rs
[2.270s] -- Symlinking: /home/yusuf/Projects/personal/openvocab-tsdf/ros2_ws/install/openvocab_tsdf_msgs/share/openvocab_tsdf_msgs/rust/src/srv/rmw.rs
[2.273s] -- Symlinking: /home/yusuf/Projects/personal/openvocab-tsdf/ros2_ws/install/openvocab_tsdf_msgs/share/openvocab_tsdf_msgs/msg/GroundingTarget.idl
[2.277s] -- Symlinking: /home/yusuf/Projects/personal/openvocab-tsdf/ros2_ws/install/openvocab_tsdf_msgs/share/openvocab_tsdf_msgs/srv/GroundText.idl
[2.280s] -- Symlinking: /home/yusuf/Projects/personal/openvocab-tsdf/ros2_ws/install/openvocab_tsdf_msgs/share/openvocab_tsdf_msgs/msg/GroundingTarget.msg
[2.283s] -- Symlinking: /home/yusuf/Projects/personal/openvocab-tsdf/ros2_ws/install/openvocab_tsdf_msgs/share/openvocab_tsdf_msgs/srv/GroundText.srv
[2.286s] -- Symlinking: /home/yusuf/Projects/personal/openvocab-tsdf/ros2_ws/install/openvocab_tsdf_msgs/share/openvocab_tsdf_msgs/srv/GroundText_Request.msg
[2.289s] -- Symlinking: /home/yusuf/Projects/personal/openvocab-tsdf/ros2_ws/install/openvocab_tsdf_msgs/share/openvocab_tsdf_msgs/srv/GroundText_Response.msg
[2.292s] -- Symlinking: /home/yusuf/Projects/personal/openvocab-tsdf/ros2_ws/install/openvocab_tsdf_msgs/share/ament_index/resource_index/package_run_dependencies/openvocab_tsdf_msgs
[2.295s] -- Symlinking: /home/yusuf/Projects/personal/openvocab-tsdf/ros2_ws/install/openvocab_tsdf_msgs/share/ament_index/resource_index/parent_prefix_path/openvocab_tsdf_msgs
[2.298s] -- Symlinking: /home/yusuf/Projects/personal/openvocab-tsdf/ros2_ws/install/openvocab_tsdf_msgs/share/openvocab_tsdf_msgs/environment/ament_prefix_path.sh
[2.301s] -- Symlinking: /home/yusuf/Projects/personal/openvocab-tsdf/ros2_ws/install/openvocab_tsdf_msgs/share/openvocab_tsdf_msgs/environment/ament_prefix_path.dsv
[2.304s] -- Symlinking: /home/yusuf/Projects/personal/openvocab-tsdf/ros2_ws/install/openvocab_tsdf_msgs/share/openvocab_tsdf_msgs/environment/path.sh
[2.307s] -- Symlinking: /home/yusuf/Projects/personal/openvocab-tsdf/ros2_ws/install/openvocab_tsdf_msgs/share/openvocab_tsdf_msgs/environment/path.dsv
[2.310s] -- Symlinking: /home/yusuf/Projects/personal/openvocab-tsdf/ros2_ws/install/openvocab_tsdf_msgs/share/openvocab_tsdf_msgs/local_setup.bash
[2.312s] -- Symlinking: /home/yusuf/Projects/personal/openvocab-tsdf/ros2_ws/install/openvocab_tsdf_msgs/share/openvocab_tsdf_msgs/local_setup.sh
[2.316s] -- Symlinking: /home/yusuf/Projects/personal/openvocab-tsdf/ros2_ws/install/openvocab_tsdf_msgs/share/openvocab_tsdf_msgs/local_setup.zsh
[2.319s] -- Symlinking: /home/yusuf/Projects/personal/openvocab-tsdf/ros2_ws/install/openvocab_tsdf_msgs/share/openvocab_tsdf_msgs/local_setup.dsv
[2.321s] -- Symlinking: /home/yusuf/Projects/personal/openvocab-tsdf/ros2_ws/install/openvocab_tsdf_msgs/share/openvocab_tsdf_msgs/package.dsv
[2.324s] -- Symlinking: /home/yusuf/Projects/personal/openvocab-tsdf/ros2_ws/install/openvocab_tsdf_msgs/share/ament_index/resource_index/packages/openvocab_tsdf_msgs
[2.327s] -- Symlinking: /home/yusuf/Projects/personal/openvocab-tsdf/ros2_ws/install/openvocab_tsdf_msgs/share/openvocab_tsdf_msgs/cmake/rosidl_cmake-extras.cmake
[2.330s] -- Symlinking: /home/yusuf/Projects/personal/openvocab-tsdf/ros2_ws/install/openvocab_tsdf_msgs/share/openvocab_tsdf_msgs/cmake/ament_cmake_export_dependencies-extras.cmake
[2.333s] -- Symlinking: /home/yusuf/Projects/personal/openvocab-tsdf/ros2_ws/install/openvocab_tsdf_msgs/share/openvocab_tsdf_msgs/cmake/ament_cmake_export_include_directories-extras.cmake
[2.336s] -- Symlinking: /home/yusuf/Projects/personal/openvocab-tsdf/ros2_ws/install/openvocab_tsdf_msgs/share/openvocab_tsdf_msgs/cmake/ament_cmake_export_libraries-extras.cmake
[2.340s] -- Symlinking: /home/yusuf/Projects/personal/openvocab-tsdf/ros2_ws/install/openvocab_tsdf_msgs/share/openvocab_tsdf_msgs/cmake/ament_cmake_export_targets-extras.cmake
[2.343s] -- Symlinking: /home/yusuf/Projects/personal/openvocab-tsdf/ros2_ws/install/openvocab_tsdf_msgs/share/openvocab_tsdf_msgs/cmake/rosidl_cmake_export_typesupport_targets-extras.cmake
[2.346s] -- Symlinking: /home/yusuf/Projects/personal/openvocab-tsdf/ros2_ws/install/openvocab_tsdf_msgs/share/openvocab_tsdf_msgs/cmake/rosidl_cmake_export_typesupport_libraries-extras.cmake
[2.350s] -- Symlinking: /home/yusuf/Projects/personal/openvocab-tsdf/ros2_ws/install/openvocab_tsdf_msgs/share/openvocab_tsdf_msgs/cmake/openvocab_tsdf_msgsConfig.cmake
[2.352s] -- Symlinking: /home/yusuf/Projects/personal/openvocab-tsdf/ros2_ws/install/openvocab_tsdf_msgs/share/openvocab_tsdf_msgs/cmake/openvocab_tsdf_msgsConfig-version.cmake
[2.356s] -- Symlinking: /home/yusuf/Projects/personal/openvocab-tsdf/ros2_ws/install/openvocab_tsdf_msgs/share/openvocab_tsdf_msgs/package.xml
[2.359s] -- Installing: /home/yusuf/Projects/personal/openvocab-tsdf/ros2_ws/install/openvocab_tsdf_msgs/lib/libopenvocab_tsdf_msgs__rosidl_generator_c.so
[2.359s] -- Set runtime path of "/home/yusuf/Projects/personal/openvocab-tsdf/ros2_ws/install/openvocab_tsdf_msgs/lib/libopenvocab_tsdf_msgs__rosidl_generator_c.so" to ""
[2.359s] -- Installing: /home/yusuf/Projects/personal/openvocab-tsdf/ros2_ws/install/openvocab_tsdf_msgs/lib/libopenvocab_tsdf_msgs__rosidl_typesupport_fastrtps_c.so
[2.359s] -- Set runtime path of "/home/yusuf/Projects/personal/openvocab-tsdf/ros2_ws/install/openvocab_tsdf_msgs/lib/libopenvocab_tsdf_msgs__rosidl_typesupport_fastrtps_c.so" to ""
[2.359s] -- Installing: /home/yusuf/Projects/personal/openvocab-tsdf/ros2_ws/install/openvocab_tsdf_msgs/lib/libopenvocab_tsdf_msgs__rosidl_typesupport_introspection_c.so
[2.359s] -- Set runtime path of "/home/yusuf/Projects/personal/openvocab-tsdf/ros2_ws/install/openvocab_tsdf_msgs/lib/libopenvocab_tsdf_msgs__rosidl_typesupport_introspection_c.so" to ""
[2.359s] -- Installing: /home/yusuf/Projects/personal/openvocab-tsdf/ros2_ws/install/openvocab_tsdf_msgs/lib/libopenvocab_tsdf_msgs__rosidl_typesupport_c.so
[2.359s] -- Set runtime path of "/home/yusuf/Projects/personal/openvocab-tsdf/ros2_ws/install/openvocab_tsdf_msgs/lib/libopenvocab_tsdf_msgs__rosidl_typesupport_c.so" to ""
[2.359s] -- Installing: /home/yusuf/Projects/personal/openvocab-tsdf/ros2_ws/install/openvocab_tsdf_msgs/lib/libopenvocab_tsdf_msgs__rosidl_typesupport_fastrtps_cpp.so
[2.359s] -- Set runtime path of "/home/yusuf/Projects/personal/openvocab-tsdf/ros2_ws/install/openvocab_tsdf_msgs/lib/libopenvocab_tsdf_msgs__rosidl_typesupport_fastrtps_cpp.so" to ""
[2.359s] -- Installing: /home/yusuf/Projects/personal/openvocab-tsdf/ros2_ws/install/openvocab_tsdf_msgs/lib/libopenvocab_tsdf_msgs__rosidl_typesupport_introspection_cpp.so
[2.359s] -- Set runtime path of "/home/yusuf/Projects/personal/openvocab-tsdf/ros2_ws/install/openvocab_tsdf_msgs/lib/libopenvocab_tsdf_msgs__rosidl_typesupport_introspection_cpp.so" to ""
[2.359s] -- Installing: /home/yusuf/Projects/personal/openvocab-tsdf/ros2_ws/install/openvocab_tsdf_msgs/lib/libopenvocab_tsdf_msgs__rosidl_typesupport_cpp.so
[2.360s] -- Set runtime path of "/home/yusuf/Projects/personal/openvocab-tsdf/ros2_ws/install/openvocab_tsdf_msgs/lib/libopenvocab_tsdf_msgs__rosidl_typesupport_cpp.so" to ""
[2.380s] Listing '/home/yusuf/Projects/personal/openvocab-tsdf/ros2_ws/install/openvocab_tsdf_msgs/local/lib/python3.10/dist-packages/openvocab_tsdf_msgs'...
[2.381s] Compiling '/home/yusuf/Projects/personal/openvocab-tsdf/ros2_ws/install/openvocab_tsdf_msgs/local/lib/python3.10/dist-packages/openvocab_tsdf_msgs/__init__.py'...
[2.381s] Listing '/home/yusuf/Projects/personal/openvocab-tsdf/ros2_ws/install/openvocab_tsdf_msgs/local/lib/python3.10/dist-packages/openvocab_tsdf_msgs/msg'...
[2.381s] Compiling '/home/yusuf/Projects/personal/openvocab-tsdf/ros2_ws/install/openvocab_tsdf_msgs/local/lib/python3.10/dist-packages/openvocab_tsdf_msgs/msg/__init__.py'...
[2.381s] Compiling '/home/yusuf/Projects/personal/openvocab-tsdf/ros2_ws/install/openvocab_tsdf_msgs/local/lib/python3.10/dist-packages/openvocab_tsdf_msgs/msg/_grounding_target.py'...
[2.381s] Listing '/home/yusuf/Projects/personal/openvocab-tsdf/ros2_ws/install/openvocab_tsdf_msgs/local/lib/python3.10/dist-packages/openvocab_tsdf_msgs/srv'...
[2.381s] Compiling '/home/yusuf/Projects/personal/openvocab-tsdf/ros2_ws/install/openvocab_tsdf_msgs/local/lib/python3.10/dist-packages/openvocab_tsdf_msgs/srv/__init__.py'...
[2.381s] Compiling '/home/yusuf/Projects/personal/openvocab-tsdf/ros2_ws/install/openvocab_tsdf_msgs/local/lib/python3.10/dist-packages/openvocab_tsdf_msgs/srv/_ground_text.py'...
[2.382s] -- Installing: /home/yusuf/Projects/personal/openvocab-tsdf/ros2_ws/install/openvocab_tsdf_msgs/lib/libopenvocab_tsdf_msgs__rosidl_generator_py.so
[2.383s] -- Set runtime path of "/home/yusuf/Projects/personal/openvocab-tsdf/ros2_ws/install/openvocab_tsdf_msgs/lib/libopenvocab_tsdf_msgs__rosidl_generator_py.so" to ""
[2.383s] -- Installing: /home/yusuf/Projects/personal/openvocab-tsdf/ros2_ws/install/openvocab_tsdf_msgs/share/openvocab_tsdf_msgs/cmake/export_openvocab_tsdf_msgs__rosidl_generator_cExport.cmake
[2.383s] -- Installing: /home/yusuf/Projects/personal/openvocab-tsdf/ros2_ws/install/openvocab_tsdf_msgs/share/openvocab_tsdf_msgs/cmake/export_openvocab_tsdf_msgs__rosidl_generator_cExport-noconfig.cmake
[2.383s] -- Installing: /home/yusuf/Projects/personal/openvocab-tsdf/ros2_ws/install/openvocab_tsdf_msgs/share/openvocab_tsdf_msgs/cmake/export_openvocab_tsdf_msgs__rosidl_typesupport_fastrtps_cExport.cmake
[2.383s] -- Installing: /home/yusuf/Projects/personal/openvocab-tsdf/ros2_ws/install/openvocab_tsdf_msgs/share/openvocab_tsdf_msgs/cmake/export_openvocab_tsdf_msgs__rosidl_typesupport_fastrtps_cExport-noconfig.cmake
[2.383s] -- Installing: /home/yusuf/Projects/personal/openvocab-tsdf/ros2_ws/install/openvocab_tsdf_msgs/share/openvocab_tsdf_msgs/cmake/openvocab_tsdf_msgs__rosidl_typesupport_introspection_cExport.cmake
[2.383s] -- Installing: /home/yusuf/Projects/personal/openvocab-tsdf/ros2_ws/install/openvocab_tsdf_msgs/share/openvocab_tsdf_msgs/cmake/openvocab_tsdf_msgs__rosidl_typesupport_introspection_cExport-noconfig.cmake
[2.383s] -- Installing: /home/yusuf/Projects/personal/openvocab-tsdf/ros2_ws/install/openvocab_tsdf_msgs/share/openvocab_tsdf_msgs/cmake/openvocab_tsdf_msgs__rosidl_typesupport_cExport.cmake
[2.383s] -- Installing: /home/yusuf/Projects/personal/openvocab-tsdf/ros2_ws/install/openvocab_tsdf_msgs/share/openvocab_tsdf_msgs/cmake/openvocab_tsdf_msgs__rosidl_typesupport_cExport-noconfig.cmake
[2.383s] -- Installing: /home/yusuf/Projects/personal/openvocab-tsdf/ros2_ws/install/openvocab_tsdf_msgs/share/openvocab_tsdf_msgs/cmake/export_openvocab_tsdf_msgs__rosidl_generator_cppExport.cmake
[2.383s] -- Installing: /home/yusuf/Projects/personal/openvocab-tsdf/ros2_ws/install/openvocab_tsdf_msgs/share/openvocab_tsdf_msgs/cmake/export_openvocab_tsdf_msgs__rosidl_typesupport_fastrtps_cppExport.cmake
[2.383s] -- Installing: /home/yusuf/Projects/personal/openvocab-tsdf/ros2_ws/install/openvocab_tsdf_msgs/share/openvocab_tsdf_msgs/cmake/export_openvocab_tsdf_msgs__rosidl_typesupport_fastrtps_cppExport-noconfig.cmake
[2.383s] -- Installing: /home/yusuf/Projects/personal/openvocab-tsdf/ros2_ws/install/openvocab_tsdf_msgs/share/openvocab_tsdf_msgs/cmake/openvocab_tsdf_msgs__rosidl_typesupport_introspection_cppExport.cmake
[2.383s] -- Installing: /home/yusuf/Projects/personal/openvocab-tsdf/ros2_ws/install/openvocab_tsdf_msgs/share/openvocab_tsdf_msgs/cmake/openvocab_tsdf_msgs__rosidl_typesupport_introspection_cppExport-noconfig.cmake
[2.383s] -- Installing: /home/yusuf/Projects/personal/openvocab-tsdf/ros2_ws/install/openvocab_tsdf_msgs/share/openvocab_tsdf_msgs/cmake/openvocab_tsdf_msgs__rosidl_typesupport_cppExport.cmake
[2.383s] -- Installing: /home/yusuf/Projects/personal/openvocab-tsdf/ros2_ws/install/openvocab_tsdf_msgs/share/openvocab_tsdf_msgs/cmake/openvocab_tsdf_msgs__rosidl_typesupport_cppExport-noconfig.cmake
[2.383s] -- Installing: /home/yusuf/Projects/personal/openvocab-tsdf/ros2_ws/install/openvocab_tsdf_msgs/share/openvocab_tsdf_msgs/cmake/export_openvocab_tsdf_msgs__rosidl_generator_pyExport.cmake
[2.383s] -- Installing: /home/yusuf/Projects/personal/openvocab-tsdf/ros2_ws/install/openvocab_tsdf_msgs/share/openvocab_tsdf_msgs/cmake/export_openvocab_tsdf_msgs__rosidl_generator_pyExport-noconfig.cmake
[2.384s] Invoked command in '/home/yusuf/Projects/personal/openvocab-tsdf/ros2_ws/build/openvocab_tsdf_msgs' returned '0': CMAKE_PREFIX_PATH=/home/yusuf/ros2_ws/install/go2_yolo_msgs:/home/yusuf/ros2_ws/install/go2_yolo_bringup:/home/yusuf/ros2_ws/install/go2_navigation:/home/yusuf/ros2_ws/install/go2_msgs:/home/yusuf/ros2_ws/install/go2_gait_controller:/home/yusuf/ros2_ws/install/go2_description:/home/yusuf/ros2_ws/install/champ_teleop:/home/yusuf/ros2_ws/install/champ_navigation:/home/yusuf/ros2_ws/install/champ_gazebo:/home/yusuf/ros2_ws/install/champ_bringup:/home/yusuf/ros2_ws/install/champ_base:/home/yusuf/ros2_ws/install/go2_yolo_navigator:/home/yusuf/ros2_ws/install/go2_yolo_detector:/home/yusuf/ros2_ws/install/go2_voice_control:/home/yusuf/ros2_ws/install/go2_bringup:/home/yusuf/ros2_ws/install/go2_voice_commander:/home/yusuf/ros2_ws/install/go2_safety_monitor:/home/yusuf/ros2_ws/install/go2_perception:/home/yusuf/ros2_ws/install/go2_intent_grounding:/home/yusuf/ros2_ws/install/go2_audio_perception:/home/yusuf/ros2_ws/install/go2_audio:/opt/ros/humble:/home/yusuf/ros2_ws/install/champ_msgs:/home/yusuf/ros2_ws/install/champ_description:/home/yusuf/ros2_ws/install/champ_config:/home/yusuf/ros2_ws/install/champ /usr/bin/cmake --install /home/yusuf/Projects/personal/openvocab-tsdf/ros2_ws/build/openvocab_tsdf_msgs
